00100e30 T ad738x_init
00100acc T ad738x_oversampling_config
00100c00 T ad738x_power_down_mode
00100c94 T ad738x_read_data
00100c48 T ad738x_reference_sel
00100ff0 T ad738x_remove
00100a48 T ad738x_reset
001009fc T ad738x_set_conversion_mode
00100754 T ad738x_spi_reg_read
00100810 T ad738x_spi_reg_write
00100948 T ad738x_spi_single_conversion
001008a8 T ad738x_spi_write_mask
0011f664 T __aeabi_idiv
00116428 W __aeabi_idiv0
0011f884 T __aeabi_idivmod
00116428 W __aeabi_ldiv0
0011621c T __aeabi_uidiv
00116408 T __aeabi_uidivmod
0011642c T __aeabi_uldivmod
001105c4 T align_malloc
0010fbc4 T alt_acp_id_map_dynamic_read_options_set
0010f89c T alt_acp_id_map_dynamic_read_set
0010fc18 T alt_acp_id_map_dynamic_write_options_set
0010fa30 T alt_acp_id_map_dynamic_write_set
0010f4c4 T alt_acp_id_map_fixed_read_set
0010f6b0 T alt_acp_id_map_fixed_write_set
0010fc6c T alt_acp_id_map_read_options_get
0010ffcc T alt_acp_id_map_write_options_get
0010f23c T alt_addr_space_remap
001147d0 T alt_ARM_wdog_gpt_mode_set
0011482c T alt_ARM_wdog_wdog_mode_set
00111428 T alt_cache_l1_branch_disable
001113dc T alt_cache_l1_branch_enable
00111474 T alt_cache_l1_branch_invalidate
001114a8 T alt_cache_l1_branch_is_enabled
00110ea4 T alt_cache_l1_data_clean
00110f38 T alt_cache_l1_data_clean_all
00110e34 t alt_cache_l1_data_clean_helper
00110bb4 T alt_cache_l1_data_disable
00110b58 T alt_cache_l1_data_enable
00110cc8 T alt_cache_l1_data_invalidate
00110d3c T alt_cache_l1_data_invalidate_all
00110c58 t alt_cache_l1_data_invalidate_helper
00110c10 T alt_cache_l1_data_is_enabled
001110c0 T alt_cache_l1_data_purge
00111154 T alt_cache_l1_data_purge_all
00111050 t alt_cache_l1_data_purge_helper
00110a10 T alt_cache_l1_disable_all
001109e4 T alt_cache_l1_enable_all
00110a94 T alt_cache_l1_instruction_disable
00110a38 T alt_cache_l1_instruction_enable
00110b28 T alt_cache_l1_instruction_invalidate
00110ae0 T alt_cache_l1_instruction_is_enabled
00111348 T alt_cache_l1_parity_disable
0011126c T alt_cache_l1_parity_enable
00111394 T alt_cache_l1_parity_is_enabled
0011153c T alt_cache_l1_prefetch_disable
001114f0 T alt_cache_l1_prefetch_enable
00111588 T alt_cache_l1_prefetch_is_enabled
00111bec T alt_cache_l2_clean
00111c64 T alt_cache_l2_clean_all
00111b18 t alt_cache_l2_clean_helper
00111850 T alt_cache_l2_disable
00112064 T alt_cache_l2_ecc_start
00111810 T alt_cache_l2_enable
001115d0 T alt_cache_l2_init
00111f14 T alt_cache_l2_int_disable
00111eb8 T alt_cache_l2_int_enable
00111f98 T alt_cache_l2_int_raw_status_get
00111fbc T alt_cache_l2_int_status_clear
00111f74 T alt_cache_l2_int_status_get
00111a1c T alt_cache_l2_invalidate
00111a94 T alt_cache_l2_invalidate_all
0011194c t alt_cache_l2_invalidate_helper
00111888 T alt_cache_l2_is_enabled
00111790 T alt_cache_l2_parity_disable
0011172c T alt_cache_l2_parity_enable
001117c8 T alt_cache_l2_parity_is_enabled
001116ac T alt_cache_l2_prefetch_disable
00111674 T alt_cache_l2_prefetch_enable
001116e4 T alt_cache_l2_prefetch_is_enabled
00111dbc T alt_cache_l2_purge
00111e34 T alt_cache_l2_purge_all
00111ce8 t alt_cache_l2_purge_helper
001118d0 T alt_cache_l2_sync
00111658 T alt_cache_l2_uninit
0012c0e0 d alt_cache_l2_waymask
00110788 T alt_cache_system_clean
001106b8 T alt_cache_system_disable
00110690 T alt_cache_system_enable
001106e0 T alt_cache_system_invalidate
0011081c T alt_cache_system_purge
0010e56c T alt_clk_clkmgr_reinit
0010e810 T alt_clk_clkmgr_uninit
00105448 T alt_clk_clock_disable
001058c4 T alt_clk_clock_enable
00109050 T alt_clk_divider_get
00109cb0 T alt_clk_divider_set
0010713c T alt_clk_ext_clk_freq_get
00106f64 T alt_clk_ext_clk_freq_set
0010be7c T alt_clk_freq_get
0010da80 T alt_clk_group_cfg_raw_get
0010de14 T alt_clk_group_cfg_raw_set
0010d9bc T alt_clk_irq_disable
0010da20 T alt_clk_irq_enable
00105d80 T alt_clk_is_enabled
00104a2c T alt_clk_is_in_safe_mode
00104848 T alt_clk_lock_status_clear
001048a8 T alt_clk_lock_status_get
00109c08 t alt_clkmgr_is_val_modulo_n
00104624 t alt_clk_mgr_wait
00104af4 T alt_clk_pll_bypass_disable
00104eb0 T alt_clk_pll_bypass_enable
001071f4 T alt_clk_pll_cfg_get
00107708 T alt_clk_pll_cfg_set
0010e1ec T alt_clk_pll_cntr_maxfreq_recalc
001047ac t alt_clk_pllcounter_write
00108ea8 T alt_clk_pll_guard_band_get
00108f4c T alt_clk_pll_guard_band_set
00105210 T alt_clk_pll_is_bypassed
001048d0 T alt_clk_pll_is_locked
001046e8 t alt_clk_pll_lock_wait
0010532c T alt_clk_pll_source_get
0010466c T alt_clk_plls_settle_wait
00107c64 T alt_clk_pll_vco_cfg_get
0010853c T alt_clk_pll_vco_cfg_set
00107db4 t alt_clk_pll_vco_chg_methods_get
00108944 T alt_clk_pll_vco_freq_get
00104998 T alt_clk_safe_mode_clear
001062f0 T alt_clk_source_get
00106a78 T alt_clk_source_set
0010974c t alt_clk_within_freq_limits
0012c000 d alt_ext_clk_paramblok
0010efc4 T alt_globaltmr_autoinc_get
0010efe8 T alt_globaltmr_autoinc_mode_start
0010f020 T alt_globaltmr_autoinc_mode_stop
0010ef34 T alt_globaltmr_autoinc_set
0010ecf0 T alt_globaltmr_comp_get
0010ed60 T alt_globaltmr_comp_get64
0010edf8 T alt_globaltmr_comp_mode_start
0010ee30 T alt_globaltmr_comp_mode_stop
0010eba0 T alt_globaltmr_comp_set
0010ec44 T alt_globaltmr_comp_set64
0010eb7c T alt_globaltmr_counter_get_hi32
0010eb58 T alt_globaltmr_counter_get_low32
0010e9a4 T alt_globaltmr_get
0010ea88 T alt_globaltmr_get64
0010e8e8 T alt_globaltmr_init
0010f17c T alt_globaltmr_int_clear_pending
0010f0ac T alt_globaltmr_int_disable
0010f0e4 T alt_globaltmr_int_enable
0010f1e0 T alt_globaltmr_int_if_pending_clear
0010f144 T alt_globaltmr_int_is_enabled
0010f1a8 T alt_globaltmr_int_is_pending
0010f058 T alt_globaltmr_is_autoinc_mode
0010ee68 T alt_globaltmr_is_comp_mode
0010e838 T alt_globaltmr_is_running
0010f090 T alt_globaltmr_maxcounter_get
0010eea0 T alt_globaltmr_prescaler_get
0010eecc T alt_globaltmr_prescaler_set
0010edc4 T alt_globaltmr_remain_get
0010e960 T alt_globaltmr_start
0010e91c T alt_globaltmr_stop
0010e870 T alt_globaltmr_uninit
001123f4 T alt_gpt_all_tmr_init
00112360 T alt_gpt_all_tmr_uninit
00112a00 T alt_gpt_counter_get
001128c0 T alt_gpt_counter_set
00113060 T alt_gpt_cpu_gblt_delay_ns
00112d68 T alt_gpt_curtime_get
00112b00 t alt_gpt_curtime_get_kernl
00112dd0 T alt_gpt_curtime_microsecs_get
00112d9c T alt_gpt_curtime_millisecs_get
00112e08 T alt_gpt_curtime_nanosecs_get
00112e40 T alt_gpt_delay_ns
001135e0 T alt_gpt_freq_get
00113f68 T alt_gpt_int_clear_pending
00113bc4 T alt_gpt_int_disable
00113cf8 T alt_gpt_int_enable
001141d0 T alt_gpt_int_if_pending_clear
00113e30 T alt_gpt_int_is_enabled
00114078 T alt_gpt_int_is_pending
001133d0 T alt_gpt_maxcounter_get
00113b5c T alt_gpt_maxtime_get
001139b0 t alt_gpt_maxtime_get_kernl
00113b90 T alt_gpt_maxtime_millisecs_get
00114568 T alt_gpt_mode_get
0011438c T alt_gpt_mode_set
00113558 T alt_gpt_prescaler_get
00113474 T alt_gpt_prescaler_set
001132d0 T alt_gpt_reset_value_get
00113910 T alt_gpt_time_get
00113764 t alt_gpt_time_get_kernl
00113978 T alt_gpt_time_microsecs_get
00113944 T alt_gpt_time_millisecs_get
001126c0 T alt_gpt_tmr_is_running
00112834 T alt_gpt_tmr_reset
00112574 T alt_gpt_tmr_start
00112428 T alt_gpt_tmr_stop
00112008 W alt_int_dist_pending_clear
0010f3a4 T alt_l2_addr_filter_cfg_get
0010f434 T alt_l2_addr_filter_cfg_set
0010f364 T alt_mpu_addr_space_remap_0_to_sdram
0012c040 d alt_pll_clk_paramblok
0012c0a0 d alt_pll_cntr_maxfreq
00104498 T alt_reset_cold_reset
00104464 T alt_reset_event_clear
00104440 T alt_reset_event_get
001044c4 T alt_reset_warm_reset
00116114 T alt_wdog_compcode_get
00115690 T alt_wdog_core_prescaler_get
00115604 T alt_wdog_core_prescaler_set
00114f10 T alt_wdog_counter_get_current
00114fb4 T alt_wdog_counter_get_curtime_millisecs
00115150 T alt_wdog_counter_get_init
00115460 T alt_wdog_counter_get_inittime_millisecs
001152c4 T alt_wdog_counter_get_inittime_nanosecs
001156bc T alt_wdog_counter_get_max
001158a4 T alt_wdog_counter_get_max_millisecs
0011573c T alt_wdog_counter_get_max_nanosecs
00114d84 T alt_wdog_counter_set
00114780 T alt_wdog_init
00115cb8 T alt_wdog_int_clear
00115a14 T alt_wdog_int_disable
00115a8c T alt_wdog_int_enable
00115d58 T alt_wdog_int_if_pending_clear
00115be4 T alt_wdog_int_is_enabled
00115b04 T alt_wdog_int_is_pending
00114c9c T alt_wdog_reset
00116018 T alt_wdog_response_mode_get
00115e64 T alt_wdog_response_mode_set
00114ad0 T alt_wdog_start
00114924 T alt_wdog_stop
00114bc8 T alt_wdog_tmr_is_enabled
00114860 T alt_wdog_uninit
00116198 T alt_wdog_ver_get
00114738 t alt_wdog_wait
0011cf68 T __any_on
0011bfb4 T __ascii_mbtowc
0011ef04 T __ascii_wctomb
0012cabc B __auto_semihosting
00102e2c T axi_dmac_init
00102b6c T axi_dmac_read
00102f30 T axi_dmac_remove
00102bec T axi_dmac_transfer
00102bac T axi_dmac_write
00102f6c T axi_io_read
00102fb0 T axi_io_write
00102ec0 T axi_wait
0011cc64 T __b2d
0011c2fc T _Balloc
0011c384 T _Bfree
00120598 r blanks.8400
001203e8 r blanks.8421
00100490 T cache_configuration
00100478 T cache_fun
00116580 T calloc
001165a0 T _calloc_r
0011b0d8 T _cleanup
0011d554 T cleanup_glue
0011af9c T _cleanup_r
00104110 T clear_irq
00102ff4 T _close
0011ef70 T _close_r
0012caa0 b completed.7622
00103980 T construct_extended_mm_to_mm_descriptor
00103a38 T construct_extended_mm_to_mm_descriptor_64
00103810 T construct_extended_mm_to_st_descriptor
001038c8 T construct_extended_mm_to_st_descriptor_64
001036a0 T construct_extended_st_to_mm_descriptor
00103758 T construct_extended_st_to_mm_descriptor_64
0010363c T construct_standard_mm_to_mm_descriptor
001035d8 T construct_standard_mm_to_st_descriptor
00103574 T construct_standard_st_to_mm_descriptor
0011cefc T __copybits
001146c8 T cpu_wdog_in_gpt_mode
00114700 t cpu_wdog_in_wdt_mode
         w __cs3_argc
         w __cs3_argv
01100040 A __cs3_heap_end
0012ca98 D __cs3_heap_limit
0012cb08 B __cs3_heap_start
00100040 T __cs3_interrupt_vector
00100040 T __cs3_interrupt_vector_arm
0011fa40 T __cs3_isr_dabort
0011fa48 T __cs3_isr_fiq
0011fa30 T __cs3_isr_interrupt
0011fa44 T __cs3_isr_irq
0011fa3c T __cs3_isr_pabort
0011fa30 W __cs3_isr_reserved
0011fa38 T __cs3_isr_swi
0011fa34 T __cs3_isr_undef
0011f8fc T __cs3_premain
fffe0000 ? __cs3_region_end_boot_rom
00000000 ? __cs3_region_end_oc_ram
01100040 T __cs3_region_end_ram
fffd0000 A __cs3_region_init_boot_rom
ffff0000 A __cs3_region_init_oc_ram
00100040 A __cs3_region_init_ram
00000000 A __cs3_region_init_size_boot_rom
00000000 A __cs3_region_init_size_oc_ram
0002ca60 A __cs3_region_init_size_ram
00000002 A __cs3_region_num
00120704 R __cs3_regions
0012072c R __cs3_regions_end
00010000 A __cs3_region_size_boot_rom
00010000 A __cs3_region_size_oc_ram
01000000 A __cs3_region_size_ram
fffd0000 ? __cs3_region_start_boot_rom
ffff0000 ? __cs3_region_start_oc_ram
00100040 T __cs3_region_start_ram
00000000 A __cs3_region_zero_size_boot_rom
00000000 A __cs3_region_zero_size_oc_ram
00000068 A __cs3_region_zero_size_ram
00100080 T __cs3_reset
00100080 T __cs3_reset_cycloneV_dk_ram
01100040 A __cs3_stack
         U __cs3_start_asm
00100084 T __cs3_start_c
001108bc t cssidr_decode_helper
001205b8 R _ctype_
0011cd3c T __d2b
         w __deregister_frame_info
0010011c t deregister_tm_clones
00104368 T disable_global_interrupt_mask
001042d8 T disable_stop_on_early_termination
00104248 T disable_stop_on_error
00101650 T div64_u64_rem
0011f664 T __divsi3
0011f66c t .divsi3_skip_div0_test
001016f0 T div_u64
0010169c T div_u64_rem
001015ec T do_div
00100184 t __do_global_dtors_aux
00120700 r __do_global_dtors_aux_fini_array_entry
00124004 D __dso_handle
00119ad0 T _dtoa_r
0012caa0 D _edata
0011fad0 r __EH_FRAME_BEGIN__
001031b4 T enable_all_caches
001033ac T enable_branch_prediction
00103368 T enable_caches
001033f0 T enable_early_BRESP
00103464 T enable_exclusive_caching
00104320 T enable_global_interrupt_mask
0010338c T enable_L1_D
00103444 T enable_L1_D_side_prefetch
0010339c T enable_L1_I
001033bc T enable_L2
00103454 T enable_L2_prefetch_hint
001034a8 T enable_L2_speculative_linefill
001031d4 T enable_MMU
00103494 T enable_SCU
00104290 T enable_stop_on_early_termination
00104200 T enable_stop_on_error
001033cc T enable_store_buffer_device_limitation
00103414 T enable_write_full_line_zeros
0012cb08 B _end
0012cb08 B __end
0012cb04 B errno
0011fa4c T __errno
00120730 R _etext
         w exit
0011f104 T fclose
0011efa8 T _fclose_r
0011af64 T fflush
0011aed0 T _fflush_r
001013a0 T field_get
00101364 T field_prep
0010128c T find_closest
001011ac T find_first_set_bit
00101218 T find_last_set_bit
001206e8 R _fini
00120704 R __fini_array_end
00120700 R __fini_array_start
00103294 t Finished
001104a4 T fpga_dma_config_transfer
00110474 T fpga_dma_init
001103a4 T fpga_dma_read_bit
0011032c T fpga_dma_read_reg
00110564 T fpga_dma_start_transfer
00110594 T fpga_dma_transfer_done
001103e0 T fpga_dma_write_bit
00110364 T fpga_dma_write_reg
0011b028 t __fp_lock
0011b2c8 T __fp_lock_all
0011b05c t __fp_unlock
0011b2ec T __fp_unlock_all
0011f2c8 T fputwc
0011f11c T __fputwc
0011f220 T _fputwc_r
001001c8 t frame_dummy
001206e4 r __frame_dummy_init_array_entry
0011fad0 r __FRAME_END__
00116658 T free
0011b424 T _free_r
0010302c T _fstat
0011f304 T _fstat_r
00100040 T _ftext
0011bbb4 T _fwalk
0011bc2c T _fwalk_reent
0011f8a4 W __generic_gxx_active_p
0011f8c0 W __generic_gxx_getspecific
0011f8ac W __generic_gxx_key_create
0011f8ac t __generic_gxx_key_create.localalias.2
0011f8b8 W __generic_gxx_key_delete
0011f8f8 W __generic_gxx_mutex_destroy
0011f8d4 W __generic_gxx_mutex_init_function
0011f8f4 W __generic_gxx_mutex_lock
0011f8f0 W __generic_gxx_mutex_trylock
0011f8ec W __generic_gxx_mutex_unlock
0011f8b4 W __generic_gxx_once
0011f8d8 W __generic_gxx_recursive_mutex_destroy
0011f8d8 t __generic_gxx_recursive_mutex_destroy.localalias.1
0011f8d0 W __generic_gxx_recursive_mutex_init_function
0011f8d0 t __generic_gxx_recursive_mutex_init_function.localalias.0
0011f8e8 W __generic_gxx_recursive_mutex_lock
0011f8e4 W __generic_gxx_recursive_mutex_trylock
0011f8e0 W __generic_gxx_recursive_mutex_unlock
0011f8c8 W __generic_gxx_setspecific
00112030 t get_current_cpu_num
0011bcac t __get_current_locale
00116630 T __getreent
001203e0 R _global_impure_ptr
0012c928 D __global_locale
00101404 T greatest_common_divisor
0012ca94 d heap.5522
0011c558 T __hi0bits
00101588 T hweight8
0011c648 T __i2b
0012c0f0 d impure_data
0012c0e8 D _impure_ptr
001206bc R _init
001206e8 R __init_array_end
001206d8 R __init_array_start
00103304 T initialize_L2C
00116f04 t __init___malloc_lock_object
0011b310 t __init___sfp_lock
0011b31c t __init___sinit_lock
001032c0 t init_ttb_1
001034bc T invalidate_and_flush
00103068 T _isatty
0011f344 T _isatty_r
         w _ITM_deregisterTMCloneTable
         w _ITM_registerTMCloneTable
00124000 d __JCR_END__
00124000 d __JCR_LIST__
         w _Jv_RegisterClasses
00002c02 a L1_DEVICE_010_00
00000c0a a L1_NORMAL_000_10
00000c0e a L1_NORMAL_000_11
00001c0e a L1_NORMAL_001_11
00005c06 a L1_NORMAL_101_01
00005c0e a L1_NORMAL_101_11
00006c0a a L1_NORMAL_110_10
00006c0e a L1_NORMAL_110_11
00007c06 a L1_NORMAL_111_01
00007c0a a L1_NORMAL_111_10
00017c0e a L1_NORMAL_111_11
00128000 d L1_TTB
fffef000 a L2CC_PL310
0011fa58 T __libc_init_array
0011c5b0 T __lo0bits
0011bdc0 T localeconv
0011bd94 T __localeconv_l
0011bd9c T _localeconv_r
0011bd60 T __locale_ctype_ptr
0011bd58 T __locale_ctype_ptr_l
0011bd34 T __locale_mb_cur_max
001013dc T log_base_2
0010322c t Loop1
00103268 t Loop2
0010326c t Loop3
001030a0 T _lseek
0011f37c T _lseek_r
0011c918 T __lshift
00100224 T main
00116640 T malloc
0012c518 D __malloc_av_
0012cac4 B __malloc_current_mallinfo
00116eec T __malloc_lock
0012caf4 b __malloc_lock_object
0012caec B __malloc_max_sbrked_mem
0012caf0 B __malloc_max_total_mem
00116670 T _malloc_r
0012c920 D __malloc_sbrk_base
0012cac0 B __malloc_top_pad
0011b328 T _malloc_trim_r
0012c924 D __malloc_trim_threshold
00116ef8 T __malloc_unlock
0011bf60 T _mbtowc_r
0011ca04 T __mcmp
00101164 T mdelay
0011ca64 T __mdiff
0011c000 T memchr
0011c0a0 T memcpy
0011c1b4 T memmove
00116ddc T memset
00120570 R __mprec_bigtens
0011cec0 T _mprec_log10
00120480 R __mprec_tens
00120548 R __mprec_tinytens
0011c3a0 T __multadd
0011c668 T __multiply
0011066c t null_printf
0012caa4 b object.7627
00120470 r p05.7236
0012cb00 B _PathLocale
00103338 t poll_invalidate
0011c81c T __pow5mult
001206d8 R __preinit_array_end
001206d4 R __preinit_array_start
00116f44 T printf
00116f10 T _printf_r
0011707c T puts
00116f7c T _puts_r
001198f8 t quorem
0011ce40 T __ratio
001014d8 T rational_best_approximation
001030e0 T _read
00103eb8 T read_busy
00103d94 T read_csr_control
00103dc0 T read_csr_read_descriptor_buffer_fill_level
00103e54 T read_csr_read_sequence_number
00103e24 T read_csr_response_buffer_fill_level
00103d6c T read_csr_status
00103df0 T read_csr_write_descriptor_buffer_fill_level
00103e84 T read_csr_write_sequence_number
00103ef4 T read_descriptor_buffer_empty
00103f30 T read_descriptor_buffer_full
001040d4 T read_irq
00103cd8 T read_mm_response
0011f3c0 T _read_r
00104020 T read_resetting
00103f6c T read_response_buffer_empty
00103fa8 T read_response_buffer_full
00103fe4 T read_stopped
00104098 T read_stopped_on_early_termination
0010405c T read_stopped_on_error
0011cfe8 T _realloc_r
0011d580 T _reclaim_reent
         w __register_frame_info
0010014c t register_tm_clones
001041cc T reset_dispatcher
0011c470 T __s2b
001196e8 t __sbprintf
0011edec t __sbprintf
0011f9c4 T _sbrk
00117094 T _sbrk_r
0011d728 T __sclose
0011d6a0 T __seofread
0011bd74 T setlocale
0011bccc T _setlocale_r
0011aca8 T __sflush_r
0011b090 T __sfmoreglue
0011b184 T __sfp
0012cafc b __sfp_lock
0011b298 T __sfp_lock_acquire
0011b2a4 T __sfp_lock_release
0011b704 T __sfvwrite_r
00000000 a shift
00000000 a shift
0011b0f0 T __sinit
0012caf8 b __sinit_lock
0011b2b0 T __sinit_lock_acquire
0011b2bc T __sinit_lock_release
00103288 t Skip
0011be78 T __smakebuf_r
00101fbc t spi_engine_compile_message
0010226c T spi_engine_init
00102784 T spi_engine_offload_init
0010289c T spi_engine_offload_transfer
00101ac4 t spi_engine_queue_add_cmd
00101b34 t spi_engine_queue_append_cmd
00101c2c t spi_engine_queue_free
00101b88 t spi_engine_queue_get_cmd
00101a58 t spi_engine_queue_new_cmd
0010180c T spi_engine_read
00102ae0 T spi_engine_remove
00101d9c t spi_engine_set_cs
001018b8 T spi_engine_set_speed
0010184c T spi_engine_set_transfer_width
00101d14 t spi_engine_transfer
00102070 t spi_engine_transfer_message
001017cc T spi_engine_write
001024a4 T spi_engine_write_and_read
00101e8c t spi_engine_write_cmd
00101cb0 t spi_engine_write_cmd_reg
0011fe58 R spi_eng_platform_ops
00101e38 t spi_gen_sleep_ns
001019c8 t spi_get_sleep_div
00101994 t spi_get_word_lenght
00101910 t spi_get_words_number
0010102c T spi_init
001010a4 T spi_remove
001010d8 T spi_write_and_read
0011dac4 T __sprint_r
0011da1c t __sprint_r.part.0
0011d670 T __sread
0010177c T srt_to_uint32
0011d6fc T __sseek
00100110 T _start
001043f8 T start_descriptors
00104184 T start_dispatcher
0011afa8 t std.isra.0
001043b0 T stop_descriptors
0010413c T stop_dispatcher
0011d748 T strcmp
00117100 T strlen
0010172c T str_to_int32
00117480 T strtol
00117448 T strtol_l
001171dc t _strtol_l.isra.0
001173f8 T _strtol_r
00117738 T strtoul
00117700 T strtoul_l
001174d4 t _strtoul_l.isra.0
001176b0 T _strtoul_r
0011f52c T __swbuf
0011f404 T __swbuf_r
0011bde4 T __swhatbuf_r
0011d6a8 T __swrite
001197b4 T __swsetup_r
00124008 d _sync_id
0012caa0 D __TMC_END__
00101120 T udelay
00116468 T __udivmoddi4
0011621c T __udivsi3
0011621c t .udivsi3_skip_div0_test
0011cbfc T __ulp
0011edc4 T vfiprintf
0011dae0 T _vfiprintf_r
0011f94c t __vfp_init
001196c0 T vfprintf
00117790 T _vfprintf_r
0011f5d4 T wcrtomb
0011f54c T _wcrtomb_r
0011eeb8 T _wctomb_r
0010310c T _write
00103b90 T write_extended_descriptor
0011ef2c T _write_r
00103af0 T write_standard_descriptor
001205a8 r zeroes.8401
001203f8 r zeroes.8422
