00121f94 r ad7606b_range_table
001220e4 r ad7606_chip_info_tbl
001011f4 T ad7606_convst
00122024 r ad7606c_range_table
00101c2c t ad7606_find_range
00102bb8 T ad7606_parallel_init
001009d4 T ad7606_par_data_read
00100ad8 T ad7606_par_data_write
001008d4 T ad7606_par_reg_read
00100960 T ad7606_par_reg_write
00100b1c T ad7606_par_write_mask
00121f64 r ad7606_range_table
001015c0 T ad7606_read
00102d3c T ad7606_remove
00101938 T ad7606_reset
001016d4 t ad7606_reset_settings
00102650 T ad7606_serial_init
0010214c T ad7606_set_ch_gain
00101fd8 T ad7606_set_ch_offset
00102098 T ad7606_set_ch_phase
00101e28 T ad7606_set_ch_range
0010223c T ad7606_set_config
0010246c T ad7606_set_digital_diag
00101a38 T ad7606_set_oversampling
001012a0 T ad7606_spi_data_read
00100738 T ad7606_spi_reg_read
0010080c T ad7606_spi_reg_write
00100c30 T ad7606_spi_write_mask
00121f7c r ad7609_range_table
00124028 D ADC_default_init_param
00121724 T __aeabi_idiv
00118500 W __aeabi_idiv0
00121944 T __aeabi_idivmod
00118500 W __aeabi_ldiv0
001182f4 T __aeabi_uidiv
001184e0 T __aeabi_uidivmod
00118504 T __aeabi_uldivmod
001126a0 T align_malloc
00111ca0 T alt_acp_id_map_dynamic_read_options_set
00111978 T alt_acp_id_map_dynamic_read_set
00111cf4 T alt_acp_id_map_dynamic_write_options_set
00111b0c T alt_acp_id_map_dynamic_write_set
001115a0 T alt_acp_id_map_fixed_read_set
0011178c T alt_acp_id_map_fixed_write_set
00111d48 T alt_acp_id_map_read_options_get
001120a8 T alt_acp_id_map_write_options_get
00111318 T alt_addr_space_remap
001168a8 T alt_ARM_wdog_gpt_mode_set
00116904 T alt_ARM_wdog_wdog_mode_set
00113504 T alt_cache_l1_branch_disable
001134b8 T alt_cache_l1_branch_enable
00113550 T alt_cache_l1_branch_invalidate
00113584 T alt_cache_l1_branch_is_enabled
00112f80 T alt_cache_l1_data_clean
00113014 T alt_cache_l1_data_clean_all
00112f10 t alt_cache_l1_data_clean_helper
00112c90 T alt_cache_l1_data_disable
00112c34 T alt_cache_l1_data_enable
00112da4 T alt_cache_l1_data_invalidate
00112e18 T alt_cache_l1_data_invalidate_all
00112d34 t alt_cache_l1_data_invalidate_helper
00112cec T alt_cache_l1_data_is_enabled
0011319c T alt_cache_l1_data_purge
00113230 T alt_cache_l1_data_purge_all
0011312c t alt_cache_l1_data_purge_helper
00112aec T alt_cache_l1_disable_all
00112ac0 T alt_cache_l1_enable_all
00112b70 T alt_cache_l1_instruction_disable
00112b14 T alt_cache_l1_instruction_enable
00112c04 T alt_cache_l1_instruction_invalidate
00112bbc T alt_cache_l1_instruction_is_enabled
00113424 T alt_cache_l1_parity_disable
00113348 T alt_cache_l1_parity_enable
00113470 T alt_cache_l1_parity_is_enabled
00113618 T alt_cache_l1_prefetch_disable
001135cc T alt_cache_l1_prefetch_enable
00113664 T alt_cache_l1_prefetch_is_enabled
00113cc8 T alt_cache_l2_clean
00113d40 T alt_cache_l2_clean_all
00113bf4 t alt_cache_l2_clean_helper
0011392c T alt_cache_l2_disable
00114140 T alt_cache_l2_ecc_start
001138ec T alt_cache_l2_enable
001136ac T alt_cache_l2_init
00113ff0 T alt_cache_l2_int_disable
00113f94 T alt_cache_l2_int_enable
00114074 T alt_cache_l2_int_raw_status_get
00114098 T alt_cache_l2_int_status_clear
00114050 T alt_cache_l2_int_status_get
00113af8 T alt_cache_l2_invalidate
00113b70 T alt_cache_l2_invalidate_all
00113a28 t alt_cache_l2_invalidate_helper
00113964 T alt_cache_l2_is_enabled
0011386c T alt_cache_l2_parity_disable
00113808 T alt_cache_l2_parity_enable
001138a4 T alt_cache_l2_parity_is_enabled
00113788 T alt_cache_l2_prefetch_disable
00113750 T alt_cache_l2_prefetch_enable
001137c0 T alt_cache_l2_prefetch_is_enabled
00113e98 T alt_cache_l2_purge
00113f10 T alt_cache_l2_purge_all
00113dc4 t alt_cache_l2_purge_helper
001139ac T alt_cache_l2_sync
00113734 T alt_cache_l2_uninit
0012c0e0 d alt_cache_l2_waymask
00112864 T alt_cache_system_clean
00112794 T alt_cache_system_disable
0011276c T alt_cache_system_enable
001127bc T alt_cache_system_invalidate
001128f8 T alt_cache_system_purge
00110648 T alt_clk_clkmgr_reinit
001108ec T alt_clk_clkmgr_uninit
00107524 T alt_clk_clock_disable
001079a0 T alt_clk_clock_enable
0010b12c T alt_clk_divider_get
0010bd8c T alt_clk_divider_set
00109218 T alt_clk_ext_clk_freq_get
00109040 T alt_clk_ext_clk_freq_set
0010df58 T alt_clk_freq_get
0010fb5c T alt_clk_group_cfg_raw_get
0010fef0 T alt_clk_group_cfg_raw_set
0010fa98 T alt_clk_irq_disable
0010fafc T alt_clk_irq_enable
00107e5c T alt_clk_is_enabled
00106b08 T alt_clk_is_in_safe_mode
00106924 T alt_clk_lock_status_clear
00106984 T alt_clk_lock_status_get
0010bce4 t alt_clkmgr_is_val_modulo_n
00106700 t alt_clk_mgr_wait
00106bd0 T alt_clk_pll_bypass_disable
00106f8c T alt_clk_pll_bypass_enable
001092d0 T alt_clk_pll_cfg_get
001097e4 T alt_clk_pll_cfg_set
001102c8 T alt_clk_pll_cntr_maxfreq_recalc
00106888 t alt_clk_pllcounter_write
0010af84 T alt_clk_pll_guard_band_get
0010b028 T alt_clk_pll_guard_band_set
001072ec T alt_clk_pll_is_bypassed
001069ac T alt_clk_pll_is_locked
001067c4 t alt_clk_pll_lock_wait
00107408 T alt_clk_pll_source_get
00106748 T alt_clk_plls_settle_wait
00109d40 T alt_clk_pll_vco_cfg_get
0010a618 T alt_clk_pll_vco_cfg_set
00109e90 t alt_clk_pll_vco_chg_methods_get
0010aa20 T alt_clk_pll_vco_freq_get
00106a74 T alt_clk_safe_mode_clear
001083cc T alt_clk_source_get
00108b54 T alt_clk_source_set
0010b828 t alt_clk_within_freq_limits
0012c000 d alt_ext_clk_paramblok
001110a0 T alt_globaltmr_autoinc_get
001110c4 T alt_globaltmr_autoinc_mode_start
001110fc T alt_globaltmr_autoinc_mode_stop
00111010 T alt_globaltmr_autoinc_set
00110dcc T alt_globaltmr_comp_get
00110e3c T alt_globaltmr_comp_get64
00110ed4 T alt_globaltmr_comp_mode_start
00110f0c T alt_globaltmr_comp_mode_stop
00110c7c T alt_globaltmr_comp_set
00110d20 T alt_globaltmr_comp_set64
00110c58 T alt_globaltmr_counter_get_hi32
00110c34 T alt_globaltmr_counter_get_low32
00110a80 T alt_globaltmr_get
00110b64 T alt_globaltmr_get64
001109c4 T alt_globaltmr_init
00111258 T alt_globaltmr_int_clear_pending
00111188 T alt_globaltmr_int_disable
001111c0 T alt_globaltmr_int_enable
001112bc T alt_globaltmr_int_if_pending_clear
00111220 T alt_globaltmr_int_is_enabled
00111284 T alt_globaltmr_int_is_pending
00111134 T alt_globaltmr_is_autoinc_mode
00110f44 T alt_globaltmr_is_comp_mode
00110914 T alt_globaltmr_is_running
0011116c T alt_globaltmr_maxcounter_get
00110f7c T alt_globaltmr_prescaler_get
00110fa8 T alt_globaltmr_prescaler_set
00110ea0 T alt_globaltmr_remain_get
00110a3c T alt_globaltmr_start
001109f8 T alt_globaltmr_stop
0011094c T alt_globaltmr_uninit
001144cc T alt_gpt_all_tmr_init
00114438 T alt_gpt_all_tmr_uninit
00114ad8 T alt_gpt_counter_get
00114998 T alt_gpt_counter_set
00115138 T alt_gpt_cpu_gblt_delay_ns
00114e40 T alt_gpt_curtime_get
00114bd8 t alt_gpt_curtime_get_kernl
00114ea8 T alt_gpt_curtime_microsecs_get
00114e74 T alt_gpt_curtime_millisecs_get
00114ee0 T alt_gpt_curtime_nanosecs_get
00114f18 T alt_gpt_delay_ns
001156b8 T alt_gpt_freq_get
00116040 T alt_gpt_int_clear_pending
00115c9c T alt_gpt_int_disable
00115dd0 T alt_gpt_int_enable
001162a8 T alt_gpt_int_if_pending_clear
00115f08 T alt_gpt_int_is_enabled
00116150 T alt_gpt_int_is_pending
001154a8 T alt_gpt_maxcounter_get
00115c34 T alt_gpt_maxtime_get
00115a88 t alt_gpt_maxtime_get_kernl
00115c68 T alt_gpt_maxtime_millisecs_get
00116640 T alt_gpt_mode_get
00116464 T alt_gpt_mode_set
00115630 T alt_gpt_prescaler_get
0011554c T alt_gpt_prescaler_set
001153a8 T alt_gpt_reset_value_get
001159e8 T alt_gpt_time_get
0011583c t alt_gpt_time_get_kernl
00115a50 T alt_gpt_time_microsecs_get
00115a1c T alt_gpt_time_millisecs_get
00114798 T alt_gpt_tmr_is_running
0011490c T alt_gpt_tmr_reset
0011464c T alt_gpt_tmr_start
00114500 T alt_gpt_tmr_stop
001140e4 W alt_int_dist_pending_clear
00111480 T alt_l2_addr_filter_cfg_get
00111510 T alt_l2_addr_filter_cfg_set
00111440 T alt_mpu_addr_space_remap_0_to_sdram
0012c040 d alt_pll_clk_paramblok
0012c0a0 d alt_pll_cntr_maxfreq
00106574 T alt_reset_cold_reset
00106540 T alt_reset_event_clear
0010651c T alt_reset_event_get
001065a0 T alt_reset_warm_reset
001181ec T alt_wdog_compcode_get
00117768 T alt_wdog_core_prescaler_get
001176dc T alt_wdog_core_prescaler_set
00116fe8 T alt_wdog_counter_get_current
0011708c T alt_wdog_counter_get_curtime_millisecs
00117228 T alt_wdog_counter_get_init
00117538 T alt_wdog_counter_get_inittime_millisecs
0011739c T alt_wdog_counter_get_inittime_nanosecs
00117794 T alt_wdog_counter_get_max
0011797c T alt_wdog_counter_get_max_millisecs
00117814 T alt_wdog_counter_get_max_nanosecs
00116e5c T alt_wdog_counter_set
00116858 T alt_wdog_init
00117d90 T alt_wdog_int_clear
00117aec T alt_wdog_int_disable
00117b64 T alt_wdog_int_enable
00117e30 T alt_wdog_int_if_pending_clear
00117cbc T alt_wdog_int_is_enabled
00117bdc T alt_wdog_int_is_pending
00116d74 T alt_wdog_reset
001180f0 T alt_wdog_response_mode_get
00117f3c T alt_wdog_response_mode_set
00116ba8 T alt_wdog_start
001169fc T alt_wdog_stop
00116ca0 T alt_wdog_tmr_is_enabled
00116938 T alt_wdog_uninit
00118270 T alt_wdog_ver_get
00116810 t alt_wdog_wait
0011f028 T __any_on
0011e074 T __ascii_mbtowc
00120fc4 T __ascii_wctomb
0012cabc B __auto_semihosting
00104f08 T axi_dmac_init
00104c34 T axi_dmac_read
0010500c T axi_dmac_remove
00104cb4 T axi_dmac_transfer
00104c74 T axi_dmac_write
00105048 T axi_io_read
0010508c T axi_io_write
00104f9c T axi_wait
0011ed24 T __b2d
0011e3bc T _Balloc
0011e444 T _Bfree
00122a20 r blanks.8400
00122870 r blanks.8421
00100474 T cache_configuration
0010045c T cache_fun
00118658 T calloc
00118678 T _calloc_r
0011d198 T _cleanup
0011f614 T cleanup_glue
0011d05c T _cleanup_r
001061ec T clear_irq
001050d0 T _close
00121030 T _close_r
0012caa0 b completed.7622
00105a5c T construct_extended_mm_to_mm_descriptor
00105b14 T construct_extended_mm_to_mm_descriptor_64
001058ec T construct_extended_mm_to_st_descriptor
001059a4 T construct_extended_mm_to_st_descriptor_64
0010577c T construct_extended_st_to_mm_descriptor
00105834 T construct_extended_st_to_mm_descriptor_64
00105718 T construct_standard_mm_to_mm_descriptor
001056b4 T construct_standard_mm_to_st_descriptor
00105650 T construct_standard_st_to_mm_descriptor
0011efbc T __copybits
001167a0 T cpu_wdog_in_gpt_mode
001167d8 t cpu_wdog_in_wdt_mode
00100cdc t cpy18b32b
00100f2c t cpy26b32b
         w __cs3_argc
         w __cs3_argv
01100040 A __cs3_heap_end
0012ca98 D __cs3_heap_limit
0012cb08 B __cs3_heap_start
00100040 T __cs3_interrupt_vector
00100040 T __cs3_interrupt_vector_arm
00121b00 T __cs3_isr_dabort
00121b08 T __cs3_isr_fiq
00121af0 T __cs3_isr_interrupt
00121b04 T __cs3_isr_irq
00121afc T __cs3_isr_pabort
00121af0 W __cs3_isr_reserved
00121af8 T __cs3_isr_swi
00121af4 T __cs3_isr_undef
001219bc T __cs3_premain
fffe0000 ? __cs3_region_end_boot_rom
00000000 ? __cs3_region_end_oc_ram
01100040 T __cs3_region_end_ram
fffd0000 A __cs3_region_init_boot_rom
ffff0000 A __cs3_region_init_oc_ram
00100040 A __cs3_region_init_ram
00000000 A __cs3_region_init_size_boot_rom
00000000 A __cs3_region_init_size_oc_ram
0002ca60 A __cs3_region_init_size_ram
00000002 A __cs3_region_num
00122b8c R __cs3_regions
00122bb4 R __cs3_regions_end
00010000 A __cs3_region_size_boot_rom
00010000 A __cs3_region_size_oc_ram
01000000 A __cs3_region_size_ram
fffd0000 ? __cs3_region_start_boot_rom
ffff0000 ? __cs3_region_start_oc_ram
00100040 T __cs3_region_start_ram
00000000 A __cs3_region_zero_size_boot_rom
00000000 A __cs3_region_zero_size_oc_ram
00000068 A __cs3_region_zero_size_ram
00100080 T __cs3_reset
00100080 T __cs3_reset_cycloneV_dk_ram
01100040 A __cs3_stack
         U __cs3_start_asm
00100084 T __cs3_start_c
00112998 t cssidr_decode_helper
00122a40 R _ctype_
0011edfc T __d2b
         w __deregister_frame_info
0010011c t deregister_tm_clones
00106444 T disable_global_interrupt_mask
001063b4 T disable_stop_on_early_termination
00106324 T disable_stop_on_error
0010342c T div64_u64_rem
00121724 T __divsi3
0012172c t .divsi3_skip_div0_test
001034cc T div_u64
00103478 T div_u64_rem
001033c8 T do_div
00100184 t __do_global_dtors_aux
00122b88 r __do_global_dtors_aux_fini_array_entry
00124004 D __dso_handle
0011bb90 T _dtoa_r
0012caa0 D _edata
00121b90 r __EH_FRAME_BEGIN__
00105290 T enable_all_caches
00105488 T enable_branch_prediction
00105444 T enable_caches
001054cc T enable_early_BRESP
00105540 T enable_exclusive_caching
001063fc T enable_global_interrupt_mask
00105468 T enable_L1_D
00105520 T enable_L1_D_side_prefetch
00105478 T enable_L1_I
00105498 T enable_L2
00105530 T enable_L2_prefetch_hint
00105584 T enable_L2_speculative_linefill
001052b0 T enable_MMU
00105570 T enable_SCU
0010636c T enable_stop_on_early_termination
001062dc T enable_stop_on_error
001054a8 T enable_store_buffer_device_limitation
001054f0 T enable_write_full_line_zeros
0012cb08 B _end
0012cb08 B __end
0012cb04 B errno
00121b0c T __errno
00122bb8 R _etext
         w exit
001211c4 T fclose
00121068 T _fclose_r
0011d024 T fflush
0011cf90 T _fflush_r
0010317c T field_get
00103140 T field_prep
00103068 T find_closest
00102f88 T find_first_set_bit
00102ff4 T find_last_set_bit
00122b70 R _fini
00122b8c R __fini_array_end
00122b88 R __fini_array_start
00105370 t Finished
00112580 T fpga_dma_config_transfer
00112550 T fpga_dma_init
00112480 T fpga_dma_read_bit
00112408 T fpga_dma_read_reg
00112640 T fpga_dma_start_transfer
00112670 T fpga_dma_transfer_done
001124bc T fpga_dma_write_bit
00112440 T fpga_dma_write_reg
0011d0e8 t __fp_lock
0011d388 T __fp_lock_all
0011d11c t __fp_unlock
0011d3ac T __fp_unlock_all
00121388 T fputwc
001211dc T __fputwc
001212e0 T _fputwc_r
001001c8 t frame_dummy
00122b6c r __frame_dummy_init_array_entry
00121b90 r __FRAME_END__
00118730 T free
0011d4e4 T _free_r
00105108 T _fstat
001213c4 T _fstat_r
00100040 T _ftext
0011dc74 T _fwalk
0011dcec T _fwalk_reent
00121964 W __generic_gxx_active_p
00121980 W __generic_gxx_getspecific
0012196c W __generic_gxx_key_create
0012196c t __generic_gxx_key_create.localalias.2
00121978 W __generic_gxx_key_delete
001219b8 W __generic_gxx_mutex_destroy
00121994 W __generic_gxx_mutex_init_function
001219b4 W __generic_gxx_mutex_lock
001219b0 W __generic_gxx_mutex_trylock
001219ac W __generic_gxx_mutex_unlock
00121974 W __generic_gxx_once
00121998 W __generic_gxx_recursive_mutex_destroy
00121998 t __generic_gxx_recursive_mutex_destroy.localalias.1
00121990 W __generic_gxx_recursive_mutex_init_function
00121990 t __generic_gxx_recursive_mutex_init_function.localalias.0
001219a8 W __generic_gxx_recursive_mutex_lock
001219a4 W __generic_gxx_recursive_mutex_trylock
001219a0 W __generic_gxx_recursive_mutex_unlock
00121988 W __generic_gxx_setspecific
0011410c t get_current_cpu_num
0011dd6c t __get_current_locale
00118708 T __getreent
00122868 R _global_impure_ptr
0012c928 D __global_locale
001036fc T gpio_direction_input
00103744 T gpio_direction_output
001035a8 T gpio_get
0010379c T gpio_get_direction
00103620 T gpio_get_optional
00103844 T gpio_get_value
001036b4 T gpio_remove
001037ec T gpio_set_value
001031e0 T greatest_common_divisor
0012ca94 d heap.5522
0011e618 T __hi0bits
00103364 T hweight8
0011e708 T __i2b
0012c0f0 d impure_data
0012c0e8 D _impure_ptr
00122b44 R _init
00122b70 R __init_array_end
00122b60 R __init_array_start
001053e0 T initialize_L2C
00118fdc t __init___malloc_lock_object
0011d3d0 t __init___sfp_lock
0011d3dc t __init___sinit_lock
0010539c t init_ttb_1
00105598 T invalidate_and_flush
00105144 T _isatty
00121404 T _isatty_r
         w _ITM_deregisterTMCloneTable
         w _ITM_registerTMCloneTable
00124000 d __JCR_END__
00124000 d __JCR_LIST__
         w _Jv_RegisterClasses
00002c02 a L1_DEVICE_010_00
00000c0a a L1_NORMAL_000_10
00000c0e a L1_NORMAL_000_11
00001c0e a L1_NORMAL_001_11
00005c06 a L1_NORMAL_101_01
00005c0e a L1_NORMAL_101_11
00006c0a a L1_NORMAL_110_10
00006c0e a L1_NORMAL_110_11
00007c06 a L1_NORMAL_111_01
00007c0a a L1_NORMAL_111_10
00017c0e a L1_NORMAL_111_11
00128000 d L1_TTB
fffef000 a L2CC_PL310
00121b18 T __libc_init_array
0011e670 T __lo0bits
0011de80 T localeconv
0011de54 T __localeconv_l
0011de5c T _localeconv_r
0011de20 T __locale_ctype_ptr
0011de18 T __locale_ctype_ptr_l
0011ddf4 T __locale_mb_cur_max
001031b8 T log_base_2
00105308 t Loop1
00105344 t Loop2
00105348 t Loop3
0010517c T _lseek
0012143c T _lseek_r
0011e9d8 T __lshift
00100224 T main
00118718 T malloc
0012c518 D __malloc_av_
0012cac4 B __malloc_current_mallinfo
00118fc4 T __malloc_lock
0012caf4 b __malloc_lock_object
0012caec B __malloc_max_sbrked_mem
0012caf0 B __malloc_max_total_mem
00118748 T _malloc_r
0012c920 D __malloc_sbrk_base
0012cac0 B __malloc_top_pad
0011d3e8 T _malloc_trim_r
0012c924 D __malloc_trim_threshold
00118fd0 T __malloc_unlock
0011e020 T _mbtowc_r
0011eac4 T __mcmp
00102f40 T mdelay
0011eb24 T __mdiff
0011e0c0 T memchr
0011e160 T memcpy
0011e274 T memmove
00118eb4 T memset
001229f8 R __mprec_bigtens
0011ef80 T _mprec_log10
00122908 R __mprec_tens
001229d0 R __mprec_tinytens
0011e460 T __multadd
0011e728 T __multiply
00112748 t null_printf
0012caa4 b object.7627
001228f8 r p05.7236
0012cb00 B _PathLocale
00105414 t poll_invalidate
0011e8dc T __pow5mult
00122b60 R __preinit_array_end
00122b5c R __preinit_array_start
0011901c T printf
00118fe8 T _printf_r
00119154 T puts
00119054 T _puts_r
0011b9b8 t quorem
0011ef00 T __ratio
001032b4 T rational_best_approximation
001051bc T _read
00105f94 T read_busy
00105e70 T read_csr_control
00105e9c T read_csr_read_descriptor_buffer_fill_level
00105f30 T read_csr_read_sequence_number
00105f00 T read_csr_response_buffer_fill_level
00105e48 T read_csr_status
00105ecc T read_csr_write_descriptor_buffer_fill_level
00105f60 T read_csr_write_sequence_number
00105fd0 T read_descriptor_buffer_empty
0010600c T read_descriptor_buffer_full
001061b0 T read_irq
00105db4 T read_mm_response
00121480 T _read_r
001060fc T read_resetting
00106048 T read_response_buffer_empty
00106084 T read_response_buffer_full
001060c0 T read_stopped
00106174 T read_stopped_on_early_termination
00106138 T read_stopped_on_error
0011f0a8 T _realloc_r
0011f640 T _reclaim_reent
00100b98 T register_adc_mode_switch
         w __register_frame_info
0010014c t register_tm_clones
001062a8 T reset_dispatcher
0011e530 T __s2b
0011b7a8 t __sbprintf
00120eac t __sbprintf
00121a84 T _sbrk
0011916c T _sbrk_r
0011f7e8 T __sclose
0011f760 T __seofread
0011de34 T setlocale
0011dd8c T _setlocale_r
0011cd68 T __sflush_r
0011d150 T __sfmoreglue
0011d244 T __sfp
0012cafc b __sfp_lock
0011d358 T __sfp_lock_acquire
0011d364 T __sfp_lock_release
0011d7c4 T __sfvwrite_r
00000000 a shift
00000000 a shift
0011d1b0 T __sinit
0012caf8 b __sinit_lock
0011d370 T __sinit_lock_acquire
0011d37c T __sinit_lock_release
00105364 t Skip
0011df38 T __smakebuf_r
00104084 t spi_engine_compile_message
00104334 T spi_engine_init
0010484c T spi_engine_offload_init
00104964 T spi_engine_offload_transfer
00103b8c t spi_engine_queue_add_cmd
00103bfc t spi_engine_queue_append_cmd
00103cf4 t spi_engine_queue_free
00103c50 t spi_engine_queue_get_cmd
00103b20 t spi_engine_queue_new_cmd
001038d4 T spi_engine_read
00104ba8 T spi_engine_remove
00103e64 t spi_engine_set_cs
00103980 T spi_engine_set_speed
00103914 T spi_engine_set_transfer_width
00103ddc t spi_engine_transfer
00104138 t spi_engine_transfer_message
00103894 T spi_engine_write
0010456c T spi_engine_write_and_read
00103f54 t spi_engine_write_cmd
00103d78 t spi_engine_write_cmd_reg
00124014 D spi_eng_init_param
0012228c R spi_eng_platform_ops
00103f00 t spi_gen_sleep_ns
00103a90 t spi_get_sleep_div
00103a5c t spi_get_word_lenght
001039d8 t spi_get_words_number
00102e08 T spi_init
00124008 D spi_msg_cmds
00102e80 T spi_remove
00102eb4 T spi_write_and_read
0011fb84 T __sprint_r
0011fadc t __sprint_r.part.0
0011f730 T __sread
00103558 T srt_to_uint32
0011f7bc T __sseek
00100110 T _start
001064d4 T start_descriptors
00106260 T start_dispatcher
0011d068 t std.isra.0
0010648c T stop_descriptors
00106218 T stop_dispatcher
0011f808 T strcmp
001191c0 T strlen
00103508 T str_to_int32
00119540 T strtol
00119508 T strtol_l
0011929c t _strtol_l.isra.0
001194b8 T _strtol_r
001197f8 T strtoul
001197c0 T strtoul_l
00119594 t _strtoul_l.isra.0
00119770 T _strtoul_r
001215ec T __swbuf
001214c4 T __swbuf_r
0011dea4 T __swhatbuf_r
0011f768 T __swrite
0011b874 T __swsetup_r
001240e0 d _sync_id
001221bc r tconv_max
0012caa0 D __TMC_END__
00102efc T udelay
00118540 T __udivmoddi4
001182f4 T __udivsi3
001182f4 t .udivsi3_skip_div0_test
0011ecbc T __ulp
00120e84 T vfiprintf
0011fba0 T _vfiprintf_r
00121a0c t __vfp_init
0011b780 T vfprintf
00119850 T _vfprintf_r
00121694 T wcrtomb
0012160c T _wcrtomb_r
00120f78 T _wctomb_r
001051e8 T _write
00105c6c T write_extended_descriptor
00120fec T _write_r
00105bcc T write_standard_descriptor
00122a30 r zeroes.8401
00122880 r zeroes.8422
