00124008 d ad463x_chip_info_tbl
00101568 t ad463x_device_config
00101164 T ad463x_exit_reg_cfg_mode
001018ec T ad463x_init
00101744 T ad463x_read_data
00101fe4 T ad463x_remove
0010102c T ad463x_set_avg_frame_len
001011e0 T ad463x_set_ch_gain
001012d4 T ad463x_set_ch_offset
00101108 T ad463x_set_drive_strength
00100fd0 T ad463x_set_pwr_mode
00100e18 T ad463x_spi_reg_read
00100ea4 T ad463x_spi_reg_write
00100f1c T ad463x_spi_reg_write_masked
001013d4 t ad469x_reset
001216a4 T __aeabi_idiv
00118478 W __aeabi_idiv0
001218c4 T __aeabi_idivmod
00118478 W __aeabi_ldiv0
0011826c T __aeabi_uidiv
00118458 T __aeabi_uidivmod
0011847c T __aeabi_uldivmod
00112614 T align_malloc
00111c14 T alt_acp_id_map_dynamic_read_options_set
001118ec T alt_acp_id_map_dynamic_read_set
00111c68 T alt_acp_id_map_dynamic_write_options_set
00111a80 T alt_acp_id_map_dynamic_write_set
00111514 T alt_acp_id_map_fixed_read_set
00111700 T alt_acp_id_map_fixed_write_set
00111cbc T alt_acp_id_map_read_options_get
0011201c T alt_acp_id_map_write_options_get
0011128c T alt_addr_space_remap
00116820 T alt_ARM_wdog_gpt_mode_set
0011687c T alt_ARM_wdog_wdog_mode_set
00113478 T alt_cache_l1_branch_disable
0011342c T alt_cache_l1_branch_enable
001134c4 T alt_cache_l1_branch_invalidate
001134f8 T alt_cache_l1_branch_is_enabled
00112ef4 T alt_cache_l1_data_clean
00112f88 T alt_cache_l1_data_clean_all
00112e84 t alt_cache_l1_data_clean_helper
00112c04 T alt_cache_l1_data_disable
00112ba8 T alt_cache_l1_data_enable
00112d18 T alt_cache_l1_data_invalidate
00112d8c T alt_cache_l1_data_invalidate_all
00112ca8 t alt_cache_l1_data_invalidate_helper
00112c60 T alt_cache_l1_data_is_enabled
00113110 T alt_cache_l1_data_purge
001131a4 T alt_cache_l1_data_purge_all
001130a0 t alt_cache_l1_data_purge_helper
00112a60 T alt_cache_l1_disable_all
00112a34 T alt_cache_l1_enable_all
00112ae4 T alt_cache_l1_instruction_disable
00112a88 T alt_cache_l1_instruction_enable
00112b78 T alt_cache_l1_instruction_invalidate
00112b30 T alt_cache_l1_instruction_is_enabled
00113398 T alt_cache_l1_parity_disable
001132bc T alt_cache_l1_parity_enable
001133e4 T alt_cache_l1_parity_is_enabled
0011358c T alt_cache_l1_prefetch_disable
00113540 T alt_cache_l1_prefetch_enable
001135d8 T alt_cache_l1_prefetch_is_enabled
00113c3c T alt_cache_l2_clean
00113cb4 T alt_cache_l2_clean_all
00113b68 t alt_cache_l2_clean_helper
001138a0 T alt_cache_l2_disable
001140b4 T alt_cache_l2_ecc_start
00113860 T alt_cache_l2_enable
00113620 T alt_cache_l2_init
00113f64 T alt_cache_l2_int_disable
00113f08 T alt_cache_l2_int_enable
00113fe8 T alt_cache_l2_int_raw_status_get
0011400c T alt_cache_l2_int_status_clear
00113fc4 T alt_cache_l2_int_status_get
00113a6c T alt_cache_l2_invalidate
00113ae4 T alt_cache_l2_invalidate_all
0011399c t alt_cache_l2_invalidate_helper
001138d8 T alt_cache_l2_is_enabled
001137e0 T alt_cache_l2_parity_disable
0011377c T alt_cache_l2_parity_enable
00113818 T alt_cache_l2_parity_is_enabled
001136fc T alt_cache_l2_prefetch_disable
001136c4 T alt_cache_l2_prefetch_enable
00113734 T alt_cache_l2_prefetch_is_enabled
00113e0c T alt_cache_l2_purge
00113e84 T alt_cache_l2_purge_all
00113d38 t alt_cache_l2_purge_helper
00113920 T alt_cache_l2_sync
001136a8 T alt_cache_l2_uninit
0012c0e0 d alt_cache_l2_waymask
001127d8 T alt_cache_system_clean
00112708 T alt_cache_system_disable
001126e0 T alt_cache_system_enable
00112730 T alt_cache_system_invalidate
0011286c T alt_cache_system_purge
001105bc T alt_clk_clkmgr_reinit
00110860 T alt_clk_clkmgr_uninit
00107498 T alt_clk_clock_disable
00107914 T alt_clk_clock_enable
0010b0a0 T alt_clk_divider_get
0010bd00 T alt_clk_divider_set
0010918c T alt_clk_ext_clk_freq_get
00108fb4 T alt_clk_ext_clk_freq_set
0010decc T alt_clk_freq_get
0010fad0 T alt_clk_group_cfg_raw_get
0010fe64 T alt_clk_group_cfg_raw_set
0010fa0c T alt_clk_irq_disable
0010fa70 T alt_clk_irq_enable
00107dd0 T alt_clk_is_enabled
00106a7c T alt_clk_is_in_safe_mode
00106898 T alt_clk_lock_status_clear
001068f8 T alt_clk_lock_status_get
0010bc58 t alt_clkmgr_is_val_modulo_n
00106674 t alt_clk_mgr_wait
00106b44 T alt_clk_pll_bypass_disable
00106f00 T alt_clk_pll_bypass_enable
00109244 T alt_clk_pll_cfg_get
00109758 T alt_clk_pll_cfg_set
0011023c T alt_clk_pll_cntr_maxfreq_recalc
001067fc t alt_clk_pllcounter_write
0010aef8 T alt_clk_pll_guard_band_get
0010af9c T alt_clk_pll_guard_band_set
00107260 T alt_clk_pll_is_bypassed
00106920 T alt_clk_pll_is_locked
00106738 t alt_clk_pll_lock_wait
0010737c T alt_clk_pll_source_get
001066bc T alt_clk_plls_settle_wait
00109cb4 T alt_clk_pll_vco_cfg_get
0010a58c T alt_clk_pll_vco_cfg_set
00109e04 t alt_clk_pll_vco_chg_methods_get
0010a994 T alt_clk_pll_vco_freq_get
001069e8 T alt_clk_safe_mode_clear
00108340 T alt_clk_source_get
00108ac8 T alt_clk_source_set
0010b79c t alt_clk_within_freq_limits
0012c000 d alt_ext_clk_paramblok
00111014 T alt_globaltmr_autoinc_get
00111038 T alt_globaltmr_autoinc_mode_start
00111070 T alt_globaltmr_autoinc_mode_stop
00110f84 T alt_globaltmr_autoinc_set
00110d40 T alt_globaltmr_comp_get
00110db0 T alt_globaltmr_comp_get64
00110e48 T alt_globaltmr_comp_mode_start
00110e80 T alt_globaltmr_comp_mode_stop
00110bf0 T alt_globaltmr_comp_set
00110c94 T alt_globaltmr_comp_set64
00110bcc T alt_globaltmr_counter_get_hi32
00110ba8 T alt_globaltmr_counter_get_low32
001109f4 T alt_globaltmr_get
00110ad8 T alt_globaltmr_get64
00110938 T alt_globaltmr_init
001111cc T alt_globaltmr_int_clear_pending
001110fc T alt_globaltmr_int_disable
00111134 T alt_globaltmr_int_enable
00111230 T alt_globaltmr_int_if_pending_clear
00111194 T alt_globaltmr_int_is_enabled
001111f8 T alt_globaltmr_int_is_pending
001110a8 T alt_globaltmr_is_autoinc_mode
00110eb8 T alt_globaltmr_is_comp_mode
00110888 T alt_globaltmr_is_running
001110e0 T alt_globaltmr_maxcounter_get
00110ef0 T alt_globaltmr_prescaler_get
00110f1c T alt_globaltmr_prescaler_set
00110e14 T alt_globaltmr_remain_get
001109b0 T alt_globaltmr_start
0011096c T alt_globaltmr_stop
001108c0 T alt_globaltmr_uninit
00114444 T alt_gpt_all_tmr_init
001143b0 T alt_gpt_all_tmr_uninit
00114a50 T alt_gpt_counter_get
00114910 T alt_gpt_counter_set
001150b0 T alt_gpt_cpu_gblt_delay_ns
00114db8 T alt_gpt_curtime_get
00114b50 t alt_gpt_curtime_get_kernl
00114e20 T alt_gpt_curtime_microsecs_get
00114dec T alt_gpt_curtime_millisecs_get
00114e58 T alt_gpt_curtime_nanosecs_get
00114e90 T alt_gpt_delay_ns
00115630 T alt_gpt_freq_get
00115fb8 T alt_gpt_int_clear_pending
00115c14 T alt_gpt_int_disable
00115d48 T alt_gpt_int_enable
00116220 T alt_gpt_int_if_pending_clear
00115e80 T alt_gpt_int_is_enabled
001160c8 T alt_gpt_int_is_pending
00115420 T alt_gpt_maxcounter_get
00115bac T alt_gpt_maxtime_get
00115a00 t alt_gpt_maxtime_get_kernl
00115be0 T alt_gpt_maxtime_millisecs_get
001165b8 T alt_gpt_mode_get
001163dc T alt_gpt_mode_set
001155a8 T alt_gpt_prescaler_get
001154c4 T alt_gpt_prescaler_set
00115320 T alt_gpt_reset_value_get
00115960 T alt_gpt_time_get
001157b4 t alt_gpt_time_get_kernl
001159c8 T alt_gpt_time_microsecs_get
00115994 T alt_gpt_time_millisecs_get
00114710 T alt_gpt_tmr_is_running
00114884 T alt_gpt_tmr_reset
001145c4 T alt_gpt_tmr_start
00114478 T alt_gpt_tmr_stop
00114058 W alt_int_dist_pending_clear
001113f4 T alt_l2_addr_filter_cfg_get
00111484 T alt_l2_addr_filter_cfg_set
001113b4 T alt_mpu_addr_space_remap_0_to_sdram
0012c040 d alt_pll_clk_paramblok
0012c0a0 d alt_pll_cntr_maxfreq
001064e8 T alt_reset_cold_reset
001064b4 T alt_reset_event_clear
00106490 T alt_reset_event_get
00106514 T alt_reset_warm_reset
00118164 T alt_wdog_compcode_get
001176e0 T alt_wdog_core_prescaler_get
00117654 T alt_wdog_core_prescaler_set
00116f60 T alt_wdog_counter_get_current
00117004 T alt_wdog_counter_get_curtime_millisecs
001171a0 T alt_wdog_counter_get_init
001174b0 T alt_wdog_counter_get_inittime_millisecs
00117314 T alt_wdog_counter_get_inittime_nanosecs
0011770c T alt_wdog_counter_get_max
001178f4 T alt_wdog_counter_get_max_millisecs
0011778c T alt_wdog_counter_get_max_nanosecs
00116dd4 T alt_wdog_counter_set
001167d0 T alt_wdog_init
00117d08 T alt_wdog_int_clear
00117a64 T alt_wdog_int_disable
00117adc T alt_wdog_int_enable
00117da8 T alt_wdog_int_if_pending_clear
00117c34 T alt_wdog_int_is_enabled
00117b54 T alt_wdog_int_is_pending
00116cec T alt_wdog_reset
00118068 T alt_wdog_response_mode_get
00117eb4 T alt_wdog_response_mode_set
00116b20 T alt_wdog_start
00116974 T alt_wdog_stop
00116c18 T alt_wdog_tmr_is_enabled
001168b0 T alt_wdog_uninit
001181e8 T alt_wdog_ver_get
00116788 t alt_wdog_wait
0011efa8 T __any_on
0011dff4 T __ascii_mbtowc
00120f44 T __ascii_wctomb
0012cabc B __auto_semihosting
00103fe8 T axi_adc_delay_calibrate
00103ef0 T axi_adc_delay_set
0010488c T axi_adc_get_calib_bias
00104728 T axi_adc_get_calib_phase
00104558 T axi_adc_get_calib_phase_scale
001047b8 T axi_adc_get_calib_scale
00103dfc T axi_adc_get_sampling_freq
00103eb0 T axi_adc_idelay_set
001049e4 T axi_adc_init
00103c84 T axi_adc_pn_mon
00103b74 T axi_adc_read
00104b94 T axi_adc_remove
00104800 T axi_adc_set_calib_bias
001046e0 T axi_adc_set_calib_phase
001043c0 T axi_adc_set_calib_phase_scale
00104770 T axi_adc_set_calib_scale
00103bf4 T axi_adc_set_pnsel
001048ec T axi_adc_update_active_channels
00103bb4 T axi_adc_write
00104e7c T axi_dmac_init
00104bbc T axi_dmac_read
00104f80 T axi_dmac_remove
00104c3c T axi_dmac_transfer
00104bfc T axi_dmac_write
00104fbc T axi_io_read
00105000 T axi_io_write
00104f10 T axi_wait
0011eca4 T __b2d
0011e33c T _Balloc
0011e3c4 T _Bfree
00122948 r blanks.8400
00122798 r blanks.8421
00100b54 T cache_configuration
00100b3c T cache_fun
001185d0 T calloc
001185f0 T _calloc_r
0011d118 T _cleanup
0011f594 T cleanup_glue
0011cfdc T _cleanup_r
00106160 T clear_irq
00105044 T _close
00120fb0 T _close_r
0012caa0 b completed.7622
001059d0 T construct_extended_mm_to_mm_descriptor
00105a88 T construct_extended_mm_to_mm_descriptor_64
00105860 T construct_extended_mm_to_st_descriptor
00105918 T construct_extended_mm_to_st_descriptor_64
001056f0 T construct_extended_st_to_mm_descriptor
001057a8 T construct_extended_st_to_mm_descriptor_64
0010568c T construct_standard_mm_to_mm_descriptor
00105628 T construct_standard_mm_to_st_descriptor
001055c4 T construct_standard_st_to_mm_descriptor
0011ef3c T __copybits
00116718 T cpu_wdog_in_gpt_mode
00116750 t cpu_wdog_in_wdt_mode
         w __cs3_argc
         w __cs3_argv
01100040 A __cs3_heap_end
0012ca98 D __cs3_heap_limit
0012cb08 B __cs3_heap_start
00100040 T __cs3_interrupt_vector
00100040 T __cs3_interrupt_vector_arm
00121a80 T __cs3_isr_dabort
00121a88 T __cs3_isr_fiq
00121a70 T __cs3_isr_interrupt
00121a84 T __cs3_isr_irq
00121a7c T __cs3_isr_pabort
00121a70 W __cs3_isr_reserved
00121a78 T __cs3_isr_swi
00121a74 T __cs3_isr_undef
0012193c T __cs3_premain
fffe0000 ? __cs3_region_end_boot_rom
00000000 ? __cs3_region_end_oc_ram
01100040 T __cs3_region_end_ram
fffd0000 A __cs3_region_init_boot_rom
ffff0000 A __cs3_region_init_oc_ram
00100040 A __cs3_region_init_ram
00000000 A __cs3_region_init_size_boot_rom
00000000 A __cs3_region_init_size_oc_ram
0002ca60 A __cs3_region_init_size_ram
00000002 A __cs3_region_num
00122ab4 R __cs3_regions
00122adc R __cs3_regions_end
00010000 A __cs3_region_size_boot_rom
00010000 A __cs3_region_size_oc_ram
01000000 A __cs3_region_size_ram
fffd0000 ? __cs3_region_start_boot_rom
ffff0000 ? __cs3_region_start_oc_ram
00100040 T __cs3_region_start_ram
00000000 A __cs3_region_zero_size_boot_rom
00000000 A __cs3_region_zero_size_oc_ram
00000068 A __cs3_region_zero_size_ram
00100080 T __cs3_reset
00100080 T __cs3_reset_cycloneV_dk_ram
01100040 A __cs3_stack
         U __cs3_start_asm
00100084 T __cs3_start_c
0011290c t cssidr_decode_helper
00122968 R _ctype_
0011ed7c T __d2b
         w __deregister_frame_info
0010011c t deregister_tm_clones
001063b8 T disable_global_interrupt_mask
00106328 T disable_stop_on_early_termination
00106298 T disable_stop_on_error
0010266c T div64_u64_rem
001216a4 T __divsi3
001216ac t .divsi3_skip_div0_test
0010270c T div_u64
001026b8 T div_u64_rem
00102608 T do_div
00100184 t __do_global_dtors_aux
00122ab0 r __do_global_dtors_aux_fini_array_entry
00124004 D __dso_handle
0011bb10 T _dtoa_r
0012caa0 D _edata
00121b10 r __EH_FRAME_BEGIN__
00105204 T enable_all_caches
001053fc T enable_branch_prediction
001053b8 T enable_caches
00105440 T enable_early_BRESP
001054b4 T enable_exclusive_caching
00106370 T enable_global_interrupt_mask
001053dc T enable_L1_D
00105494 T enable_L1_D_side_prefetch
001053ec T enable_L1_I
0010540c T enable_L2
001054a4 T enable_L2_prefetch_hint
001054f8 T enable_L2_speculative_linefill
00105224 T enable_MMU
001054e4 T enable_SCU
001062e0 T enable_stop_on_early_termination
00106250 T enable_stop_on_error
0010541c T enable_store_buffer_device_limitation
00105464 T enable_write_full_line_zeros
0012cb08 B _end
0012cb08 B __end
0012cb04 B errno
00121a8c T __errno
00122ae0 R _etext
         w exit
00121144 T fclose
00120fe8 T _fclose_r
0011cfa4 T fflush
0011cf10 T _fflush_r
001023bc T field_get
00102380 T field_prep
001022a8 T find_closest
001021c8 T find_first_set_bit
00102234 T find_last_set_bit
00122a98 R _fini
00122ab4 R __fini_array_end
00122ab0 R __fini_array_start
001052e4 t Finished
001124f4 T fpga_dma_config_transfer
001124c4 T fpga_dma_init
001123f4 T fpga_dma_read_bit
0011237c T fpga_dma_read_reg
001125b4 T fpga_dma_start_transfer
001125e4 T fpga_dma_transfer_done
00112430 T fpga_dma_write_bit
001123b4 T fpga_dma_write_reg
0011d068 t __fp_lock
0011d308 T __fp_lock_all
0011d09c t __fp_unlock
0011d32c T __fp_unlock_all
00121308 T fputwc
0012115c T __fputwc
00121260 T _fputwc_r
001001c8 t frame_dummy
00122a94 r __frame_dummy_init_array_entry
00121b10 r __FRAME_END__
001186a8 T free
0011d464 T _free_r
0010507c T _fstat
00121344 T _fstat_r
00100040 T _ftext
00122248 r __func__.6474
0011dbf4 T _fwalk
0011dc6c T _fwalk_reent
001218e4 W __generic_gxx_active_p
00121900 W __generic_gxx_getspecific
001218ec W __generic_gxx_key_create
001218ec t __generic_gxx_key_create.localalias.2
001218f8 W __generic_gxx_key_delete
00121938 W __generic_gxx_mutex_destroy
00121914 W __generic_gxx_mutex_init_function
00121934 W __generic_gxx_mutex_lock
00121930 W __generic_gxx_mutex_trylock
0012192c W __generic_gxx_mutex_unlock
001218f4 W __generic_gxx_once
00121918 W __generic_gxx_recursive_mutex_destroy
00121918 t __generic_gxx_recursive_mutex_destroy.localalias.1
00121910 W __generic_gxx_recursive_mutex_init_function
00121910 t __generic_gxx_recursive_mutex_init_function.localalias.0
00121928 W __generic_gxx_recursive_mutex_lock
00121924 W __generic_gxx_recursive_mutex_trylock
00121920 W __generic_gxx_recursive_mutex_unlock
00121908 W __generic_gxx_setspecific
00114080 t get_current_cpu_num
0011dcec t __get_current_locale
001014c8 t get_mode_info
00118680 T __getreent
00122790 R _global_impure_ptr
0012c928 D __global_locale
00102420 T greatest_common_divisor
0012ca94 d heap.5522
0011e598 T __hi0bits
001025a4 T hweight8
0011e688 T __i2b
0012c0f0 d impure_data
0012c0e8 D _impure_ptr
00122a6c R _init
00122a98 R __init_array_end
00122a88 R __init_array_start
00105354 T initialize_L2C
00118f54 t __init___malloc_lock_object
0011d350 t __init___sfp_lock
0011d35c t __init___sinit_lock
00105310 t init_ttb_1
0010550c T invalidate_and_flush
001050b8 T _isatty
00121384 T _isatty_r
         w _ITM_deregisterTMCloneTable
         w _ITM_registerTMCloneTable
00124000 d __JCR_END__
00124000 d __JCR_LIST__
         w _Jv_RegisterClasses
00002c02 a L1_DEVICE_010_00
00000c0a a L1_NORMAL_000_10
00000c0e a L1_NORMAL_000_11
00001c0e a L1_NORMAL_001_11
00005c06 a L1_NORMAL_101_01
00005c0e a L1_NORMAL_101_11
00006c0a a L1_NORMAL_110_10
00006c0e a L1_NORMAL_110_11
00007c06 a L1_NORMAL_111_01
00007c0a a L1_NORMAL_111_10
00017c0e a L1_NORMAL_111_11
00128000 d L1_TTB
fffef000 a L2CC_PL310
00121a98 T __libc_init_array
0011e5f0 T __lo0bits
0011de00 T localeconv
0011ddd4 T __localeconv_l
0011dddc T _localeconv_r
0011dda0 T __locale_ctype_ptr
0011dd98 T __locale_ctype_ptr_l
0011dd74 T __locale_mb_cur_max
001023f8 T log_base_2
0010527c t Loop1
001052b8 t Loop2
001052bc t Loop3
001050f0 T _lseek
001213bc T _lseek_r
0011e958 T __lshift
00100224 T main
00118690 T malloc
0012c518 D __malloc_av_
0012cac4 B __malloc_current_mallinfo
00118f3c T __malloc_lock
0012caf4 b __malloc_lock_object
0012caec B __malloc_max_sbrked_mem
0012caf0 B __malloc_max_total_mem
001186c0 T _malloc_r
0012c920 D __malloc_sbrk_base
0012cac0 B __malloc_top_pad
0011d368 T _malloc_trim_r
0012c924 D __malloc_trim_threshold
00118f48 T __malloc_unlock
0011dfa0 T _mbtowc_r
0011ea44 T __mcmp
00102180 T mdelay
0011eaa4 T __mdiff
0011e040 T memchr
0011e0e0 T memcpy
0011e1f4 T memmove
00118e2c T memset
00122920 R __mprec_bigtens
0011ef00 T _mprec_log10
00122830 R __mprec_tens
001228f8 R __mprec_tinytens
0011e3e0 T __multadd
0011e6a8 T __multiply
001126bc t null_printf
0012caa4 b object.7627
00122820 r p05.7236
0012cb00 B _PathLocale
00105388 t poll_invalidate
0011e85c T __pow5mult
00122a88 R __preinit_array_end
00122a84 R __preinit_array_start
00118f94 T printf
00118f60 T _printf_r
001190cc T puts
00118fcc T _puts_r
0011b938 t quorem
0011ee80 T __ratio
001024f4 T rational_best_approximation
00105130 T _read
00105f08 T read_busy
00105de4 T read_csr_control
00105e10 T read_csr_read_descriptor_buffer_fill_level
00105ea4 T read_csr_read_sequence_number
00105e74 T read_csr_response_buffer_fill_level
00105dbc T read_csr_status
00105e40 T read_csr_write_descriptor_buffer_fill_level
00105ed4 T read_csr_write_sequence_number
00105f44 T read_descriptor_buffer_empty
00105f80 T read_descriptor_buffer_full
00106124 T read_irq
00105d28 T read_mm_response
00121400 T _read_r
00106070 T read_resetting
00105fbc T read_response_buffer_empty
00105ff8 T read_response_buffer_full
00106034 T read_stopped
001060e8 T read_stopped_on_early_termination
001060ac T read_stopped_on_error
0011f028 T _realloc_r
0011f5c0 T _reclaim_reent
         w __register_frame_info
0010014c t register_tm_clones
0010621c T reset_dispatcher
0011e4b0 T __s2b
0011b728 t __sbprintf
00120e2c t __sbprintf
00121a04 T _sbrk
001190e4 T _sbrk_r
0011f768 T __sclose
0011f6e0 T __seofread
0011ddb4 T setlocale
0011dd0c T _setlocale_r
0011cce8 T __sflush_r
0011d0d0 T __sfmoreglue
0011d1c4 T __sfp
0012cafc b __sfp_lock
0011d2d8 T __sfp_lock_acquire
0011d2e4 T __sfp_lock_release
0011d744 T __sfvwrite_r
00000000 a shift
00000000 a shift
0011d130 T __sinit
0012caf8 b __sinit_lock
0011d2f0 T __sinit_lock_acquire
0011d2fc T __sinit_lock_release
001052d8 t Skip
0011deb8 T __smakebuf_r
00103000 t spi_engine_compile_message
001032b0 T spi_engine_init
001037c8 T spi_engine_offload_init
001038e0 T spi_engine_offload_transfer
00102b08 t spi_engine_queue_add_cmd
00102b78 t spi_engine_queue_append_cmd
00102c70 t spi_engine_queue_free
00102bcc t spi_engine_queue_get_cmd
00102a9c t spi_engine_queue_new_cmd
00102828 T spi_engine_read
00103ae8 T spi_engine_remove
00102de0 t spi_engine_set_cs
001028d4 T spi_engine_set_speed
00102868 T spi_engine_set_transfer_width
00102d58 t spi_engine_transfer
001030b4 t spi_engine_transfer_message
001027e8 T spi_engine_write
001034e8 T spi_engine_write_and_read
00102ed0 t spi_engine_write_cmd
00102cf4 t spi_engine_write_cmd_reg
00122108 R spi_eng_platform_ops
00102e7c t spi_gen_sleep_ns
00102a0c t spi_get_sleep_div
001029c4 t spi_get_word_lenght
0010292c t spi_get_words_number
00102048 T spi_init
001020c0 T spi_remove
001020f4 T spi_write_and_read
0011fb04 T __sprint_r
0011fa5c t __sprint_r.part.0
0011f6b0 T __sread
00102798 T srt_to_uint32
0011f73c T __sseek
00100110 T _start
00106448 T start_descriptors
001061d4 T start_dispatcher
0011cfe8 t std.isra.0
00106400 T stop_descriptors
0010618c T stop_dispatcher
0011f788 T strcmp
00119140 T strlen
00102748 T str_to_int32
001194c0 T strtol
00119488 T strtol_l
0011921c t _strtol_l.isra.0
00119438 T _strtol_r
00119778 T strtoul
00119740 T strtoul_l
00119514 t _strtoul_l.isra.0
001196f0 T _strtoul_r
0012156c T __swbuf
00121444 T __swbuf_r
0011de24 T __swhatbuf_r
0011f6e8 T __swrite
0011b7f4 T __swsetup_r
0012401c d _sync_id
0012caa0 D __TMC_END__
0010213c T udelay
001184b8 T __udivmoddi4
0011826c T __udivsi3
0011826c t .udivsi3_skip_div0_test
0011ec3c T __ulp
00120e04 T vfiprintf
0011fb20 T _vfiprintf_r
0012198c t __vfp_init
0011b700 T vfprintf
001197d0 T _vfprintf_r
00121614 T wcrtomb
0012158c T _wcrtomb_r
00120ef8 T _wctomb_r
0010515c T _write
00105be0 T write_extended_descriptor
00120f6c T _write_r
00105b40 T write_standard_descriptor
00122958 r zeroes.8401
001227a8 r zeroes.8422
