00124008 d ad463x_chip_info_tbl
00101568 t ad463x_device_config
00101164 T ad463x_exit_reg_cfg_mode
001018ec T ad463x_init
00101744 T ad463x_read_data
00102048 T ad463x_remove
0010102c T ad463x_set_avg_frame_len
001011e0 T ad463x_set_ch_gain
001012d4 T ad463x_set_ch_offset
00101108 T ad463x_set_drive_strength
00100fd0 T ad463x_set_pwr_mode
00100e18 T ad463x_spi_reg_read
00100ea4 T ad463x_spi_reg_write
00100f1c T ad463x_spi_reg_write_masked
001013d4 t ad469x_reset
001216e4 T __aeabi_idiv
001184d8 W __aeabi_idiv0
00121904 T __aeabi_idivmod
001184d8 W __aeabi_ldiv0
001182cc T __aeabi_uidiv
001184b8 T __aeabi_uidivmod
001184dc T __aeabi_uldivmod
00112678 T align_malloc
00111c78 T alt_acp_id_map_dynamic_read_options_set
00111950 T alt_acp_id_map_dynamic_read_set
00111ccc T alt_acp_id_map_dynamic_write_options_set
00111ae4 T alt_acp_id_map_dynamic_write_set
00111578 T alt_acp_id_map_fixed_read_set
00111764 T alt_acp_id_map_fixed_write_set
00111d20 T alt_acp_id_map_read_options_get
00112080 T alt_acp_id_map_write_options_get
001112f0 T alt_addr_space_remap
00116880 T alt_ARM_wdog_gpt_mode_set
001168dc T alt_ARM_wdog_wdog_mode_set
001134dc T alt_cache_l1_branch_disable
00113490 T alt_cache_l1_branch_enable
00113528 T alt_cache_l1_branch_invalidate
0011355c T alt_cache_l1_branch_is_enabled
00112f58 T alt_cache_l1_data_clean
00112fec T alt_cache_l1_data_clean_all
00112ee8 t alt_cache_l1_data_clean_helper
00112c68 T alt_cache_l1_data_disable
00112c0c T alt_cache_l1_data_enable
00112d7c T alt_cache_l1_data_invalidate
00112df0 T alt_cache_l1_data_invalidate_all
00112d0c t alt_cache_l1_data_invalidate_helper
00112cc4 T alt_cache_l1_data_is_enabled
00113174 T alt_cache_l1_data_purge
00113208 T alt_cache_l1_data_purge_all
00113104 t alt_cache_l1_data_purge_helper
00112ac4 T alt_cache_l1_disable_all
00112a98 T alt_cache_l1_enable_all
00112b48 T alt_cache_l1_instruction_disable
00112aec T alt_cache_l1_instruction_enable
00112bdc T alt_cache_l1_instruction_invalidate
00112b94 T alt_cache_l1_instruction_is_enabled
001133fc T alt_cache_l1_parity_disable
00113320 T alt_cache_l1_parity_enable
00113448 T alt_cache_l1_parity_is_enabled
001135f0 T alt_cache_l1_prefetch_disable
001135a4 T alt_cache_l1_prefetch_enable
0011363c T alt_cache_l1_prefetch_is_enabled
00113ca0 T alt_cache_l2_clean
00113d18 T alt_cache_l2_clean_all
00113bcc t alt_cache_l2_clean_helper
00113904 T alt_cache_l2_disable
00114118 T alt_cache_l2_ecc_start
001138c4 T alt_cache_l2_enable
00113684 T alt_cache_l2_init
00113fc8 T alt_cache_l2_int_disable
00113f6c T alt_cache_l2_int_enable
0011404c T alt_cache_l2_int_raw_status_get
00114070 T alt_cache_l2_int_status_clear
00114028 T alt_cache_l2_int_status_get
00113ad0 T alt_cache_l2_invalidate
00113b48 T alt_cache_l2_invalidate_all
00113a00 t alt_cache_l2_invalidate_helper
0011393c T alt_cache_l2_is_enabled
00113844 T alt_cache_l2_parity_disable
001137e0 T alt_cache_l2_parity_enable
0011387c T alt_cache_l2_parity_is_enabled
00113760 T alt_cache_l2_prefetch_disable
00113728 T alt_cache_l2_prefetch_enable
00113798 T alt_cache_l2_prefetch_is_enabled
00113e70 T alt_cache_l2_purge
00113ee8 T alt_cache_l2_purge_all
00113d9c t alt_cache_l2_purge_helper
00113984 T alt_cache_l2_sync
0011370c T alt_cache_l2_uninit
0012c0e0 d alt_cache_l2_waymask
0011283c T alt_cache_system_clean
0011276c T alt_cache_system_disable
00112744 T alt_cache_system_enable
00112794 T alt_cache_system_invalidate
001128d0 T alt_cache_system_purge
00110620 T alt_clk_clkmgr_reinit
001108c4 T alt_clk_clkmgr_uninit
001074fc T alt_clk_clock_disable
00107978 T alt_clk_clock_enable
0010b104 T alt_clk_divider_get
0010bd64 T alt_clk_divider_set
001091f0 T alt_clk_ext_clk_freq_get
00109018 T alt_clk_ext_clk_freq_set
0010df30 T alt_clk_freq_get
0010fb34 T alt_clk_group_cfg_raw_get
0010fec8 T alt_clk_group_cfg_raw_set
0010fa70 T alt_clk_irq_disable
0010fad4 T alt_clk_irq_enable
00107e34 T alt_clk_is_enabled
00106ae0 T alt_clk_is_in_safe_mode
001068fc T alt_clk_lock_status_clear
0010695c T alt_clk_lock_status_get
0010bcbc t alt_clkmgr_is_val_modulo_n
001066d8 t alt_clk_mgr_wait
00106ba8 T alt_clk_pll_bypass_disable
00106f64 T alt_clk_pll_bypass_enable
001092a8 T alt_clk_pll_cfg_get
001097bc T alt_clk_pll_cfg_set
001102a0 T alt_clk_pll_cntr_maxfreq_recalc
00106860 t alt_clk_pllcounter_write
0010af5c T alt_clk_pll_guard_band_get
0010b000 T alt_clk_pll_guard_band_set
001072c4 T alt_clk_pll_is_bypassed
00106984 T alt_clk_pll_is_locked
0010679c t alt_clk_pll_lock_wait
001073e0 T alt_clk_pll_source_get
00106720 T alt_clk_plls_settle_wait
00109d18 T alt_clk_pll_vco_cfg_get
0010a5f0 T alt_clk_pll_vco_cfg_set
00109e68 t alt_clk_pll_vco_chg_methods_get
0010a9f8 T alt_clk_pll_vco_freq_get
00106a4c T alt_clk_safe_mode_clear
001083a4 T alt_clk_source_get
00108b2c T alt_clk_source_set
0010b800 t alt_clk_within_freq_limits
0012c000 d alt_ext_clk_paramblok
00111078 T alt_globaltmr_autoinc_get
0011109c T alt_globaltmr_autoinc_mode_start
001110d4 T alt_globaltmr_autoinc_mode_stop
00110fe8 T alt_globaltmr_autoinc_set
00110da4 T alt_globaltmr_comp_get
00110e14 T alt_globaltmr_comp_get64
00110eac T alt_globaltmr_comp_mode_start
00110ee4 T alt_globaltmr_comp_mode_stop
00110c54 T alt_globaltmr_comp_set
00110cf8 T alt_globaltmr_comp_set64
00110c30 T alt_globaltmr_counter_get_hi32
00110c0c T alt_globaltmr_counter_get_low32
00110a58 T alt_globaltmr_get
00110b3c T alt_globaltmr_get64
0011099c T alt_globaltmr_init
00111230 T alt_globaltmr_int_clear_pending
00111160 T alt_globaltmr_int_disable
00111198 T alt_globaltmr_int_enable
00111294 T alt_globaltmr_int_if_pending_clear
001111f8 T alt_globaltmr_int_is_enabled
0011125c T alt_globaltmr_int_is_pending
0011110c T alt_globaltmr_is_autoinc_mode
00110f1c T alt_globaltmr_is_comp_mode
001108ec T alt_globaltmr_is_running
00111144 T alt_globaltmr_maxcounter_get
00110f54 T alt_globaltmr_prescaler_get
00110f80 T alt_globaltmr_prescaler_set
00110e78 T alt_globaltmr_remain_get
00110a14 T alt_globaltmr_start
001109d0 T alt_globaltmr_stop
00110924 T alt_globaltmr_uninit
001144a4 T alt_gpt_all_tmr_init
00114410 T alt_gpt_all_tmr_uninit
00114ab0 T alt_gpt_counter_get
00114970 T alt_gpt_counter_set
00115110 T alt_gpt_cpu_gblt_delay_ns
00114e18 T alt_gpt_curtime_get
00114bb0 t alt_gpt_curtime_get_kernl
00114e80 T alt_gpt_curtime_microsecs_get
00114e4c T alt_gpt_curtime_millisecs_get
00114eb8 T alt_gpt_curtime_nanosecs_get
00114ef0 T alt_gpt_delay_ns
00115690 T alt_gpt_freq_get
00116018 T alt_gpt_int_clear_pending
00115c74 T alt_gpt_int_disable
00115da8 T alt_gpt_int_enable
00116280 T alt_gpt_int_if_pending_clear
00115ee0 T alt_gpt_int_is_enabled
00116128 T alt_gpt_int_is_pending
00115480 T alt_gpt_maxcounter_get
00115c0c T alt_gpt_maxtime_get
00115a60 t alt_gpt_maxtime_get_kernl
00115c40 T alt_gpt_maxtime_millisecs_get
00116618 T alt_gpt_mode_get
0011643c T alt_gpt_mode_set
00115608 T alt_gpt_prescaler_get
00115524 T alt_gpt_prescaler_set
00115380 T alt_gpt_reset_value_get
001159c0 T alt_gpt_time_get
00115814 t alt_gpt_time_get_kernl
00115a28 T alt_gpt_time_microsecs_get
001159f4 T alt_gpt_time_millisecs_get
00114770 T alt_gpt_tmr_is_running
001148e4 T alt_gpt_tmr_reset
00114624 T alt_gpt_tmr_start
001144d8 T alt_gpt_tmr_stop
001140bc W alt_int_dist_pending_clear
00111458 T alt_l2_addr_filter_cfg_get
001114e8 T alt_l2_addr_filter_cfg_set
00111418 T alt_mpu_addr_space_remap_0_to_sdram
0012c040 d alt_pll_clk_paramblok
0012c0a0 d alt_pll_cntr_maxfreq
0010654c T alt_reset_cold_reset
00106518 T alt_reset_event_clear
001064f4 T alt_reset_event_get
00106578 T alt_reset_warm_reset
001181c4 T alt_wdog_compcode_get
00117740 T alt_wdog_core_prescaler_get
001176b4 T alt_wdog_core_prescaler_set
00116fc0 T alt_wdog_counter_get_current
00117064 T alt_wdog_counter_get_curtime_millisecs
00117200 T alt_wdog_counter_get_init
00117510 T alt_wdog_counter_get_inittime_millisecs
00117374 T alt_wdog_counter_get_inittime_nanosecs
0011776c T alt_wdog_counter_get_max
00117954 T alt_wdog_counter_get_max_millisecs
001177ec T alt_wdog_counter_get_max_nanosecs
00116e34 T alt_wdog_counter_set
00116830 T alt_wdog_init
00117d68 T alt_wdog_int_clear
00117ac4 T alt_wdog_int_disable
00117b3c T alt_wdog_int_enable
00117e08 T alt_wdog_int_if_pending_clear
00117c94 T alt_wdog_int_is_enabled
00117bb4 T alt_wdog_int_is_pending
00116d4c T alt_wdog_reset
001180c8 T alt_wdog_response_mode_get
00117f14 T alt_wdog_response_mode_set
00116b80 T alt_wdog_start
001169d4 T alt_wdog_stop
00116c78 T alt_wdog_tmr_is_enabled
00116910 T alt_wdog_uninit
00118248 T alt_wdog_ver_get
001167e8 t alt_wdog_wait
0011efe8 T __any_on
0011e034 T __ascii_mbtowc
00120f84 T __ascii_wctomb
0012cabc B __auto_semihosting
0010404c T axi_adc_delay_calibrate
00103f54 T axi_adc_delay_set
001048f0 T axi_adc_get_calib_bias
0010478c T axi_adc_get_calib_phase
001045bc T axi_adc_get_calib_phase_scale
0010481c T axi_adc_get_calib_scale
00103e60 T axi_adc_get_sampling_freq
00103f14 T axi_adc_idelay_set
00104a48 T axi_adc_init
00103ce8 T axi_adc_pn_mon
00103bd8 T axi_adc_read
00104bf8 T axi_adc_remove
00104864 T axi_adc_set_calib_bias
00104744 T axi_adc_set_calib_phase
00104424 T axi_adc_set_calib_phase_scale
001047d4 T axi_adc_set_calib_scale
00103c58 T axi_adc_set_pnsel
00104950 T axi_adc_update_active_channels
00103c18 T axi_adc_write
00104ee0 T axi_dmac_init
00104c20 T axi_dmac_read
00104fe4 T axi_dmac_remove
00104ca0 T axi_dmac_transfer
00104c60 T axi_dmac_write
00105020 T axi_io_read
00105064 T axi_io_write
00104f74 T axi_wait
0011ece4 T __b2d
0011e37c T _Balloc
0011e404 T _Bfree
001229d0 r blanks.8400
00122820 r blanks.8421
00100b54 T cache_configuration
00100b3c T cache_fun
00118630 T calloc
00118650 T _calloc_r
0011d158 T _cleanup
0011f5d4 T cleanup_glue
0011d01c T _cleanup_r
001061c4 T clear_irq
001050a8 T _close
00120ff0 T _close_r
0012caa0 b completed.7622
00105a34 T construct_extended_mm_to_mm_descriptor
00105aec T construct_extended_mm_to_mm_descriptor_64
001058c4 T construct_extended_mm_to_st_descriptor
0010597c T construct_extended_mm_to_st_descriptor_64
00105754 T construct_extended_st_to_mm_descriptor
0010580c T construct_extended_st_to_mm_descriptor_64
001056f0 T construct_standard_mm_to_mm_descriptor
0010568c T construct_standard_mm_to_st_descriptor
00105628 T construct_standard_st_to_mm_descriptor
0011ef7c T __copybits
00116778 T cpu_wdog_in_gpt_mode
001167b0 t cpu_wdog_in_wdt_mode
         w __cs3_argc
         w __cs3_argv
01100040 A __cs3_heap_end
0012ca98 D __cs3_heap_limit
0012cb08 B __cs3_heap_start
00100040 T __cs3_interrupt_vector
00100040 T __cs3_interrupt_vector_arm
00121ac0 T __cs3_isr_dabort
00121ac8 T __cs3_isr_fiq
00121ab0 T __cs3_isr_interrupt
00121ac4 T __cs3_isr_irq
00121abc T __cs3_isr_pabort
00121ab0 W __cs3_isr_reserved
00121ab8 T __cs3_isr_swi
00121ab4 T __cs3_isr_undef
0012197c T __cs3_premain
fffe0000 ? __cs3_region_end_boot_rom
00000000 ? __cs3_region_end_oc_ram
01100040 T __cs3_region_end_ram
fffd0000 A __cs3_region_init_boot_rom
ffff0000 A __cs3_region_init_oc_ram
00100040 A __cs3_region_init_ram
00000000 A __cs3_region_init_size_boot_rom
00000000 A __cs3_region_init_size_oc_ram
0002ca60 A __cs3_region_init_size_ram
00000002 A __cs3_region_num
00122b3c R __cs3_regions
00122b64 R __cs3_regions_end
00010000 A __cs3_region_size_boot_rom
00010000 A __cs3_region_size_oc_ram
01000000 A __cs3_region_size_ram
fffd0000 ? __cs3_region_start_boot_rom
ffff0000 ? __cs3_region_start_oc_ram
00100040 T __cs3_region_start_ram
00000000 A __cs3_region_zero_size_boot_rom
00000000 A __cs3_region_zero_size_oc_ram
00000068 A __cs3_region_zero_size_ram
00100080 T __cs3_reset
00100080 T __cs3_reset_cycloneV_dk_ram
01100040 A __cs3_stack
         U __cs3_start_asm
00100084 T __cs3_start_c
00112970 t cssidr_decode_helper
001229f0 R _ctype_
0011edbc T __d2b
         w __deregister_frame_info
0010011c t deregister_tm_clones
0010641c T disable_global_interrupt_mask
0010638c T disable_stop_on_early_termination
001062fc T disable_stop_on_error
001026d0 T div64_u64_rem
001216e4 T __divsi3
001216ec t .divsi3_skip_div0_test
00102770 T div_u64
0010271c T div_u64_rem
0010266c T do_div
00100184 t __do_global_dtors_aux
00122b38 r __do_global_dtors_aux_fini_array_entry
00124004 D __dso_handle
0011bb50 T _dtoa_r
0012caa0 D _edata
00121b50 r __EH_FRAME_BEGIN__
00105268 T enable_all_caches
00105460 T enable_branch_prediction
0010541c T enable_caches
001054a4 T enable_early_BRESP
00105518 T enable_exclusive_caching
001063d4 T enable_global_interrupt_mask
00105440 T enable_L1_D
001054f8 T enable_L1_D_side_prefetch
00105450 T enable_L1_I
00105470 T enable_L2
00105508 T enable_L2_prefetch_hint
0010555c T enable_L2_speculative_linefill
00105288 T enable_MMU
00105548 T enable_SCU
00106344 T enable_stop_on_early_termination
001062b4 T enable_stop_on_error
00105480 T enable_store_buffer_device_limitation
001054c8 T enable_write_full_line_zeros
0012cb08 B _end
0012cb08 B __end
0012cb04 B errno
00121acc T __errno
00122b68 R _etext
         w exit
00121184 T fclose
00121028 T _fclose_r
0011cfe4 T fflush
0011cf50 T _fflush_r
00102420 T field_get
001023e4 T field_prep
0010230c T find_closest
0010222c T find_first_set_bit
00102298 T find_last_set_bit
00122b20 R _fini
00122b3c R __fini_array_end
00122b38 R __fini_array_start
00105348 t Finished
00112558 T fpga_dma_config_transfer
00112528 T fpga_dma_init
00112458 T fpga_dma_read_bit
001123e0 T fpga_dma_read_reg
00112618 T fpga_dma_start_transfer
00112648 T fpga_dma_transfer_done
00112494 T fpga_dma_write_bit
00112418 T fpga_dma_write_reg
0011d0a8 t __fp_lock
0011d348 T __fp_lock_all
0011d0dc t __fp_unlock
0011d36c T __fp_unlock_all
00121348 T fputwc
0012119c T __fputwc
001212a0 T _fputwc_r
001001c8 t frame_dummy
00122b1c r __frame_dummy_init_array_entry
00121b50 r __FRAME_END__
00118708 T free
0011d4a4 T _free_r
001050e0 T _fstat
00121384 T _fstat_r
00100040 T _ftext
001222d0 r __func__.6474
0011dc34 T _fwalk
0011dcac T _fwalk_reent
00121924 W __generic_gxx_active_p
00121940 W __generic_gxx_getspecific
0012192c W __generic_gxx_key_create
0012192c t __generic_gxx_key_create.localalias.2
00121938 W __generic_gxx_key_delete
00121978 W __generic_gxx_mutex_destroy
00121954 W __generic_gxx_mutex_init_function
00121974 W __generic_gxx_mutex_lock
00121970 W __generic_gxx_mutex_trylock
0012196c W __generic_gxx_mutex_unlock
00121934 W __generic_gxx_once
00121958 W __generic_gxx_recursive_mutex_destroy
00121958 t __generic_gxx_recursive_mutex_destroy.localalias.1
00121950 W __generic_gxx_recursive_mutex_init_function
00121950 t __generic_gxx_recursive_mutex_init_function.localalias.0
00121968 W __generic_gxx_recursive_mutex_lock
00121964 W __generic_gxx_recursive_mutex_trylock
00121960 W __generic_gxx_recursive_mutex_unlock
00121948 W __generic_gxx_setspecific
001140e4 t get_current_cpu_num
0011dd2c t __get_current_locale
001014c8 t get_mode_info
001186e0 T __getreent
00122818 R _global_impure_ptr
0012c928 D __global_locale
00102484 T greatest_common_divisor
0012ca94 d heap.5522
0011e5d8 T __hi0bits
00102608 T hweight8
0011e6c8 T __i2b
0012c0f0 d impure_data
0012c0e8 D _impure_ptr
00122af4 R _init
00122b20 R __init_array_end
00122b10 R __init_array_start
001053b8 T initialize_L2C
00118fb4 t __init___malloc_lock_object
0011d390 t __init___sfp_lock
0011d39c t __init___sinit_lock
00105374 t init_ttb_1
00105570 T invalidate_and_flush
0010511c T _isatty
001213c4 T _isatty_r
         w _ITM_deregisterTMCloneTable
         w _ITM_registerTMCloneTable
00124000 d __JCR_END__
00124000 d __JCR_LIST__
         w _Jv_RegisterClasses
00002c02 a L1_DEVICE_010_00
00000c0a a L1_NORMAL_000_10
00000c0e a L1_NORMAL_000_11
00001c0e a L1_NORMAL_001_11
00005c06 a L1_NORMAL_101_01
00005c0e a L1_NORMAL_101_11
00006c0a a L1_NORMAL_110_10
00006c0e a L1_NORMAL_110_11
00007c06 a L1_NORMAL_111_01
00007c0a a L1_NORMAL_111_10
00017c0e a L1_NORMAL_111_11
00128000 d L1_TTB
fffef000 a L2CC_PL310
00121ad8 T __libc_init_array
0011e630 T __lo0bits
0011de40 T localeconv
0011de14 T __localeconv_l
0011de1c T _localeconv_r
0011dde0 T __locale_ctype_ptr
0011ddd8 T __locale_ctype_ptr_l
0011ddb4 T __locale_mb_cur_max
0010245c T log_base_2
001052e0 t Loop1
0010531c t Loop2
00105320 t Loop3
00105154 T _lseek
001213fc T _lseek_r
0011e998 T __lshift
00100224 T main
001186f0 T malloc
0012c518 D __malloc_av_
0012cac4 B __malloc_current_mallinfo
00118f9c T __malloc_lock
0012caf4 b __malloc_lock_object
0012caec B __malloc_max_sbrked_mem
0012caf0 B __malloc_max_total_mem
00118720 T _malloc_r
0012c920 D __malloc_sbrk_base
0012cac0 B __malloc_top_pad
0011d3a8 T _malloc_trim_r
0012c924 D __malloc_trim_threshold
00118fa8 T __malloc_unlock
0011dfe0 T _mbtowc_r
0011ea84 T __mcmp
001021e4 T mdelay
0011eae4 T __mdiff
0011e080 T memchr
0011e120 T memcpy
0011e234 T memmove
00118e8c T memset
001229a8 R __mprec_bigtens
0011ef40 T _mprec_log10
001228b8 R __mprec_tens
00122980 R __mprec_tinytens
0011e420 T __multadd
0011e6e8 T __multiply
00112720 t null_printf
0012caa4 b object.7627
001228a8 r p05.7236
0012cb00 B _PathLocale
001053ec t poll_invalidate
0011e89c T __pow5mult
00122b10 R __preinit_array_end
00122b0c R __preinit_array_start
00118ff4 T printf
00118fc0 T _printf_r
0011912c T puts
0011902c T _puts_r
0011b978 t quorem
0011eec0 T __ratio
00102558 T rational_best_approximation
00105194 T _read
00105f6c T read_busy
00105e48 T read_csr_control
00105e74 T read_csr_read_descriptor_buffer_fill_level
00105f08 T read_csr_read_sequence_number
00105ed8 T read_csr_response_buffer_fill_level
00105e20 T read_csr_status
00105ea4 T read_csr_write_descriptor_buffer_fill_level
00105f38 T read_csr_write_sequence_number
00105fa8 T read_descriptor_buffer_empty
00105fe4 T read_descriptor_buffer_full
00106188 T read_irq
00105d8c T read_mm_response
00121440 T _read_r
001060d4 T read_resetting
00106020 T read_response_buffer_empty
0010605c T read_response_buffer_full
00106098 T read_stopped
0010614c T read_stopped_on_early_termination
00106110 T read_stopped_on_error
0011f068 T _realloc_r
0011f600 T _reclaim_reent
         w __register_frame_info
0010014c t register_tm_clones
00106280 T reset_dispatcher
0011e4f0 T __s2b
0011b768 t __sbprintf
00120e6c t __sbprintf
00121a44 T _sbrk
00119144 T _sbrk_r
0011f7a8 T __sclose
0011f720 T __seofread
0011ddf4 T setlocale
0011dd4c T _setlocale_r
0011cd28 T __sflush_r
0011d110 T __sfmoreglue
0011d204 T __sfp
0012cafc b __sfp_lock
0011d318 T __sfp_lock_acquire
0011d324 T __sfp_lock_release
0011d784 T __sfvwrite_r
00000000 a shift
00000000 a shift
0011d170 T __sinit
0012caf8 b __sinit_lock
0011d330 T __sinit_lock_acquire
0011d33c T __sinit_lock_release
0010533c t Skip
0011def8 T __smakebuf_r
00103064 t spi_engine_compile_message
00103314 T spi_engine_init
0010382c T spi_engine_offload_init
00103944 T spi_engine_offload_transfer
00102b6c t spi_engine_queue_add_cmd
00102bdc t spi_engine_queue_append_cmd
00102cd4 t spi_engine_queue_free
00102c30 t spi_engine_queue_get_cmd
00102b00 t spi_engine_queue_new_cmd
0010288c T spi_engine_read
00103b4c T spi_engine_remove
00102e44 t spi_engine_set_cs
00102938 T spi_engine_set_speed
001028cc T spi_engine_set_transfer_width
00102dbc t spi_engine_transfer
00103118 t spi_engine_transfer_message
0010284c T spi_engine_write
0010354c T spi_engine_write_and_read
00102f34 t spi_engine_write_cmd
00102d58 t spi_engine_write_cmd_reg
00122190 R spi_eng_platform_ops
00102ee0 t spi_gen_sleep_ns
00102a70 t spi_get_sleep_div
00102a28 t spi_get_word_lenght
00102990 t spi_get_words_number
001020ac T spi_init
00102124 T spi_remove
00102158 T spi_write_and_read
0011fb44 T __sprint_r
0011fa9c t __sprint_r.part.0
0011f6f0 T __sread
001027fc T srt_to_uint32
0011f77c T __sseek
00100110 T _start
001064ac T start_descriptors
00106238 T start_dispatcher
0011d028 t std.isra.0
00106464 T stop_descriptors
001061f0 T stop_dispatcher
0011f7c8 T strcmp
00119180 T strlen
001027ac T str_to_int32
00119500 T strtol
001194c8 T strtol_l
0011925c t _strtol_l.isra.0
00119478 T _strtol_r
001197b8 T strtoul
00119780 T strtoul_l
00119554 t _strtoul_l.isra.0
00119730 T _strtoul_r
001215ac T __swbuf
00121484 T __swbuf_r
0011de64 T __swhatbuf_r
0011f728 T __swrite
0011b834 T __swsetup_r
0012401c d _sync_id
0012caa0 D __TMC_END__
001021a0 T udelay
00118518 T __udivmoddi4
001182cc T __udivsi3
001182cc t .udivsi3_skip_div0_test
0011ec7c T __ulp
00120e44 T vfiprintf
0011fb60 T _vfiprintf_r
001219cc t __vfp_init
0011b740 T vfprintf
00119810 T _vfprintf_r
00121654 T wcrtomb
001215cc T _wcrtomb_r
00120f38 T _wctomb_r
001051c0 T _write
00105c44 T write_extended_descriptor
00120fac T _write_r
00105ba4 T write_standard_descriptor
001229e0 r zeroes.8401
00122830 r zeroes.8422
