00100e10 T ad738x_init
00100aac T ad738x_oversampling_config
00100be0 T ad738x_power_down_mode
00100c74 T ad738x_read_data
00100c28 T ad738x_reference_sel
00100fd0 T ad738x_remove
00100a28 T ad738x_reset
001009dc T ad738x_set_conversion_mode
00100750 T ad738x_spi_reg_read
0010080c T ad738x_spi_reg_write
00100944 T ad738x_spi_single_conversion
001008a4 T ad738x_spi_write_mask
0011f624 T __aeabi_idiv
00116408 W __aeabi_idiv0
0011f844 T __aeabi_idivmod
00116408 W __aeabi_ldiv0
001161fc T __aeabi_uidiv
001163e8 T __aeabi_uidivmod
0011640c T __aeabi_uldivmod
001105a4 T align_malloc
0010fba4 T alt_acp_id_map_dynamic_read_options_set
0010f87c T alt_acp_id_map_dynamic_read_set
0010fbf8 T alt_acp_id_map_dynamic_write_options_set
0010fa10 T alt_acp_id_map_dynamic_write_set
0010f4a4 T alt_acp_id_map_fixed_read_set
0010f690 T alt_acp_id_map_fixed_write_set
0010fc4c T alt_acp_id_map_read_options_get
0010ffac T alt_acp_id_map_write_options_get
0010f21c T alt_addr_space_remap
001147b0 T alt_ARM_wdog_gpt_mode_set
0011480c T alt_ARM_wdog_wdog_mode_set
00111408 T alt_cache_l1_branch_disable
001113bc T alt_cache_l1_branch_enable
00111454 T alt_cache_l1_branch_invalidate
00111488 T alt_cache_l1_branch_is_enabled
00110e84 T alt_cache_l1_data_clean
00110f18 T alt_cache_l1_data_clean_all
00110e14 t alt_cache_l1_data_clean_helper
00110b94 T alt_cache_l1_data_disable
00110b38 T alt_cache_l1_data_enable
00110ca8 T alt_cache_l1_data_invalidate
00110d1c T alt_cache_l1_data_invalidate_all
00110c38 t alt_cache_l1_data_invalidate_helper
00110bf0 T alt_cache_l1_data_is_enabled
001110a0 T alt_cache_l1_data_purge
00111134 T alt_cache_l1_data_purge_all
00111030 t alt_cache_l1_data_purge_helper
001109f0 T alt_cache_l1_disable_all
001109c4 T alt_cache_l1_enable_all
00110a74 T alt_cache_l1_instruction_disable
00110a18 T alt_cache_l1_instruction_enable
00110b08 T alt_cache_l1_instruction_invalidate
00110ac0 T alt_cache_l1_instruction_is_enabled
00111328 T alt_cache_l1_parity_disable
0011124c T alt_cache_l1_parity_enable
00111374 T alt_cache_l1_parity_is_enabled
0011151c T alt_cache_l1_prefetch_disable
001114d0 T alt_cache_l1_prefetch_enable
00111568 T alt_cache_l1_prefetch_is_enabled
00111bcc T alt_cache_l2_clean
00111c44 T alt_cache_l2_clean_all
00111af8 t alt_cache_l2_clean_helper
00111830 T alt_cache_l2_disable
00112044 T alt_cache_l2_ecc_start
001117f0 T alt_cache_l2_enable
001115b0 T alt_cache_l2_init
00111ef4 T alt_cache_l2_int_disable
00111e98 T alt_cache_l2_int_enable
00111f78 T alt_cache_l2_int_raw_status_get
00111f9c T alt_cache_l2_int_status_clear
00111f54 T alt_cache_l2_int_status_get
001119fc T alt_cache_l2_invalidate
00111a74 T alt_cache_l2_invalidate_all
0011192c t alt_cache_l2_invalidate_helper
00111868 T alt_cache_l2_is_enabled
00111770 T alt_cache_l2_parity_disable
0011170c T alt_cache_l2_parity_enable
001117a8 T alt_cache_l2_parity_is_enabled
0011168c T alt_cache_l2_prefetch_disable
00111654 T alt_cache_l2_prefetch_enable
001116c4 T alt_cache_l2_prefetch_is_enabled
00111d9c T alt_cache_l2_purge
00111e14 T alt_cache_l2_purge_all
00111cc8 t alt_cache_l2_purge_helper
001118b0 T alt_cache_l2_sync
00111638 T alt_cache_l2_uninit
0012c0e0 d alt_cache_l2_waymask
00110768 T alt_cache_system_clean
00110698 T alt_cache_system_disable
00110670 T alt_cache_system_enable
001106c0 T alt_cache_system_invalidate
001107fc T alt_cache_system_purge
0010e54c T alt_clk_clkmgr_reinit
0010e7f0 T alt_clk_clkmgr_uninit
00105428 T alt_clk_clock_disable
001058a4 T alt_clk_clock_enable
00109030 T alt_clk_divider_get
00109c90 T alt_clk_divider_set
0010711c T alt_clk_ext_clk_freq_get
00106f44 T alt_clk_ext_clk_freq_set
0010be5c T alt_clk_freq_get
0010da60 T alt_clk_group_cfg_raw_get
0010ddf4 T alt_clk_group_cfg_raw_set
0010d99c T alt_clk_irq_disable
0010da00 T alt_clk_irq_enable
00105d60 T alt_clk_is_enabled
00104a0c T alt_clk_is_in_safe_mode
00104828 T alt_clk_lock_status_clear
00104888 T alt_clk_lock_status_get
00109be8 t alt_clkmgr_is_val_modulo_n
00104604 t alt_clk_mgr_wait
00104ad4 T alt_clk_pll_bypass_disable
00104e90 T alt_clk_pll_bypass_enable
001071d4 T alt_clk_pll_cfg_get
001076e8 T alt_clk_pll_cfg_set
0010e1cc T alt_clk_pll_cntr_maxfreq_recalc
0010478c t alt_clk_pllcounter_write
00108e88 T alt_clk_pll_guard_band_get
00108f2c T alt_clk_pll_guard_band_set
001051f0 T alt_clk_pll_is_bypassed
001048b0 T alt_clk_pll_is_locked
001046c8 t alt_clk_pll_lock_wait
0010530c T alt_clk_pll_source_get
0010464c T alt_clk_plls_settle_wait
00107c44 T alt_clk_pll_vco_cfg_get
0010851c T alt_clk_pll_vco_cfg_set
00107d94 t alt_clk_pll_vco_chg_methods_get
00108924 T alt_clk_pll_vco_freq_get
00104978 T alt_clk_safe_mode_clear
001062d0 T alt_clk_source_get
00106a58 T alt_clk_source_set
0010972c t alt_clk_within_freq_limits
0012c000 d alt_ext_clk_paramblok
0010efa4 T alt_globaltmr_autoinc_get
0010efc8 T alt_globaltmr_autoinc_mode_start
0010f000 T alt_globaltmr_autoinc_mode_stop
0010ef14 T alt_globaltmr_autoinc_set
0010ecd0 T alt_globaltmr_comp_get
0010ed40 T alt_globaltmr_comp_get64
0010edd8 T alt_globaltmr_comp_mode_start
0010ee10 T alt_globaltmr_comp_mode_stop
0010eb80 T alt_globaltmr_comp_set
0010ec24 T alt_globaltmr_comp_set64
0010eb5c T alt_globaltmr_counter_get_hi32
0010eb38 T alt_globaltmr_counter_get_low32
0010e984 T alt_globaltmr_get
0010ea68 T alt_globaltmr_get64
0010e8c8 T alt_globaltmr_init
0010f15c T alt_globaltmr_int_clear_pending
0010f08c T alt_globaltmr_int_disable
0010f0c4 T alt_globaltmr_int_enable
0010f1c0 T alt_globaltmr_int_if_pending_clear
0010f124 T alt_globaltmr_int_is_enabled
0010f188 T alt_globaltmr_int_is_pending
0010f038 T alt_globaltmr_is_autoinc_mode
0010ee48 T alt_globaltmr_is_comp_mode
0010e818 T alt_globaltmr_is_running
0010f070 T alt_globaltmr_maxcounter_get
0010ee80 T alt_globaltmr_prescaler_get
0010eeac T alt_globaltmr_prescaler_set
0010eda4 T alt_globaltmr_remain_get
0010e940 T alt_globaltmr_start
0010e8fc T alt_globaltmr_stop
0010e850 T alt_globaltmr_uninit
001123d4 T alt_gpt_all_tmr_init
00112340 T alt_gpt_all_tmr_uninit
001129e0 T alt_gpt_counter_get
001128a0 T alt_gpt_counter_set
00113040 T alt_gpt_cpu_gblt_delay_ns
00112d48 T alt_gpt_curtime_get
00112ae0 t alt_gpt_curtime_get_kernl
00112db0 T alt_gpt_curtime_microsecs_get
00112d7c T alt_gpt_curtime_millisecs_get
00112de8 T alt_gpt_curtime_nanosecs_get
00112e20 T alt_gpt_delay_ns
001135c0 T alt_gpt_freq_get
00113f48 T alt_gpt_int_clear_pending
00113ba4 T alt_gpt_int_disable
00113cd8 T alt_gpt_int_enable
001141b0 T alt_gpt_int_if_pending_clear
00113e10 T alt_gpt_int_is_enabled
00114058 T alt_gpt_int_is_pending
001133b0 T alt_gpt_maxcounter_get
00113b3c T alt_gpt_maxtime_get
00113990 t alt_gpt_maxtime_get_kernl
00113b70 T alt_gpt_maxtime_millisecs_get
00114548 T alt_gpt_mode_get
0011436c T alt_gpt_mode_set
00113538 T alt_gpt_prescaler_get
00113454 T alt_gpt_prescaler_set
001132b0 T alt_gpt_reset_value_get
001138f0 T alt_gpt_time_get
00113744 t alt_gpt_time_get_kernl
00113958 T alt_gpt_time_microsecs_get
00113924 T alt_gpt_time_millisecs_get
001126a0 T alt_gpt_tmr_is_running
00112814 T alt_gpt_tmr_reset
00112554 T alt_gpt_tmr_start
00112408 T alt_gpt_tmr_stop
00111fe8 W alt_int_dist_pending_clear
0010f384 T alt_l2_addr_filter_cfg_get
0010f414 T alt_l2_addr_filter_cfg_set
0010f344 T alt_mpu_addr_space_remap_0_to_sdram
0012c040 d alt_pll_clk_paramblok
0012c0a0 d alt_pll_cntr_maxfreq
00104478 T alt_reset_cold_reset
00104444 T alt_reset_event_clear
00104420 T alt_reset_event_get
001044a4 T alt_reset_warm_reset
001160f4 T alt_wdog_compcode_get
00115670 T alt_wdog_core_prescaler_get
001155e4 T alt_wdog_core_prescaler_set
00114ef0 T alt_wdog_counter_get_current
00114f94 T alt_wdog_counter_get_curtime_millisecs
00115130 T alt_wdog_counter_get_init
00115440 T alt_wdog_counter_get_inittime_millisecs
001152a4 T alt_wdog_counter_get_inittime_nanosecs
0011569c T alt_wdog_counter_get_max
00115884 T alt_wdog_counter_get_max_millisecs
0011571c T alt_wdog_counter_get_max_nanosecs
00114d64 T alt_wdog_counter_set
00114760 T alt_wdog_init
00115c98 T alt_wdog_int_clear
001159f4 T alt_wdog_int_disable
00115a6c T alt_wdog_int_enable
00115d38 T alt_wdog_int_if_pending_clear
00115bc4 T alt_wdog_int_is_enabled
00115ae4 T alt_wdog_int_is_pending
00114c7c T alt_wdog_reset
00115ff8 T alt_wdog_response_mode_get
00115e44 T alt_wdog_response_mode_set
00114ab0 T alt_wdog_start
00114904 T alt_wdog_stop
00114ba8 T alt_wdog_tmr_is_enabled
00114840 T alt_wdog_uninit
00116178 T alt_wdog_ver_get
00114718 t alt_wdog_wait
0011cf28 T __any_on
0011bf74 T __ascii_mbtowc
0011eec4 T __ascii_wctomb
0012cabc B __auto_semihosting
00102e0c T axi_dmac_init
00102b4c T axi_dmac_read
00102f10 T axi_dmac_remove
00102bcc T axi_dmac_transfer
00102b8c T axi_dmac_write
00102f4c T axi_io_read
00102f90 T axi_io_write
00102ea0 T axi_wait
0011cc24 T __b2d
0011c2bc T _Balloc
0011c344 T _Bfree
00120558 r blanks.8400
001203ac r blanks.8421
0010048c T cache_configuration
00100474 T cache_fun
00116560 T calloc
00116580 T _calloc_r
0011b098 T _cleanup
0011d514 T cleanup_glue
0011af5c T _cleanup_r
001040f0 T clear_irq
00102fd4 T _close
0011ef30 T _close_r
0012caa0 b completed.7622
00103960 T construct_extended_mm_to_mm_descriptor
00103a18 T construct_extended_mm_to_mm_descriptor_64
001037f0 T construct_extended_mm_to_st_descriptor
001038a8 T construct_extended_mm_to_st_descriptor_64
00103680 T construct_extended_st_to_mm_descriptor
00103738 T construct_extended_st_to_mm_descriptor_64
0010361c T construct_standard_mm_to_mm_descriptor
001035b8 T construct_standard_mm_to_st_descriptor
00103554 T construct_standard_st_to_mm_descriptor
0011cebc T __copybits
001146a8 T cpu_wdog_in_gpt_mode
001146e0 t cpu_wdog_in_wdt_mode
         w __cs3_argc
         w __cs3_argv
01100040 A __cs3_heap_end
0012ca98 D __cs3_heap_limit
0012cb08 B __cs3_heap_start
00100040 T __cs3_interrupt_vector
00100040 T __cs3_interrupt_vector_arm
0011fa00 T __cs3_isr_dabort
0011fa08 T __cs3_isr_fiq
0011f9f0 T __cs3_isr_interrupt
0011fa04 T __cs3_isr_irq
0011f9fc T __cs3_isr_pabort
0011f9f0 W __cs3_isr_reserved
0011f9f8 T __cs3_isr_swi
0011f9f4 T __cs3_isr_undef
0011f8bc T __cs3_premain
fffe0000 ? __cs3_region_end_boot_rom
00000000 ? __cs3_region_end_oc_ram
01100040 T __cs3_region_end_ram
fffd0000 A __cs3_region_init_boot_rom
ffff0000 A __cs3_region_init_oc_ram
00100040 A __cs3_region_init_ram
00000000 A __cs3_region_init_size_boot_rom
00000000 A __cs3_region_init_size_oc_ram
0002ca60 A __cs3_region_init_size_ram
00000002 A __cs3_region_num
001206c4 R __cs3_regions
001206ec R __cs3_regions_end
00010000 A __cs3_region_size_boot_rom
00010000 A __cs3_region_size_oc_ram
01000000 A __cs3_region_size_ram
fffd0000 ? __cs3_region_start_boot_rom
ffff0000 ? __cs3_region_start_oc_ram
00100040 T __cs3_region_start_ram
00000000 A __cs3_region_zero_size_boot_rom
00000000 A __cs3_region_zero_size_oc_ram
00000068 A __cs3_region_zero_size_ram
00100080 T __cs3_reset
00100080 T __cs3_reset_cycloneV_dk_ram
01100040 A __cs3_stack
         U __cs3_start_asm
00100084 T __cs3_start_c
0011089c t cssidr_decode_helper
00120578 R _ctype_
0011ccfc T __d2b
         w __deregister_frame_info
0010011c t deregister_tm_clones
00104348 T disable_global_interrupt_mask
001042b8 T disable_stop_on_early_termination
00104228 T disable_stop_on_error
00101630 T div64_u64_rem
0011f624 T __divsi3
0011f62c t .divsi3_skip_div0_test
001016d0 T div_u64
0010167c T div_u64_rem
001015cc T do_div
00100184 t __do_global_dtors_aux
001206c0 r __do_global_dtors_aux_fini_array_entry
00124004 D __dso_handle
00119a90 T _dtoa_r
0012caa0 D _edata
0011fa90 r __EH_FRAME_BEGIN__
00103194 T enable_all_caches
0010338c T enable_branch_prediction
00103348 T enable_caches
001033d0 T enable_early_BRESP
00103444 T enable_exclusive_caching
00104300 T enable_global_interrupt_mask
0010336c T enable_L1_D
00103424 T enable_L1_D_side_prefetch
0010337c T enable_L1_I
0010339c T enable_L2
00103434 T enable_L2_prefetch_hint
00103488 T enable_L2_speculative_linefill
001031b4 T enable_MMU
00103474 T enable_SCU
00104270 T enable_stop_on_early_termination
001041e0 T enable_stop_on_error
001033ac T enable_store_buffer_device_limitation
001033f4 T enable_write_full_line_zeros
0012cb08 B _end
0012cb08 B __end
0012cb04 B errno
0011fa0c T __errno
001206f0 R _etext
         w exit
0011f0c4 T fclose
0011ef68 T _fclose_r
0011af24 T fflush
0011ae90 T _fflush_r
00101380 T field_get
00101344 T field_prep
0010126c T find_closest
0010118c T find_first_set_bit
001011f8 T find_last_set_bit
001206a8 R _fini
001206c4 R __fini_array_end
001206c0 R __fini_array_start
00103274 t Finished
00110484 T fpga_dma_config_transfer
00110454 T fpga_dma_init
00110384 T fpga_dma_read_bit
0011030c T fpga_dma_read_reg
00110544 T fpga_dma_start_transfer
00110574 T fpga_dma_transfer_done
001103c0 T fpga_dma_write_bit
00110344 T fpga_dma_write_reg
0011afe8 t __fp_lock
0011b288 T __fp_lock_all
0011b01c t __fp_unlock
0011b2ac T __fp_unlock_all
0011f288 T fputwc
0011f0dc T __fputwc
0011f1e0 T _fputwc_r
001001c8 t frame_dummy
001206a4 r __frame_dummy_init_array_entry
0011fa90 r __FRAME_END__
00116638 T free
0011b3e4 T _free_r
0010300c T _fstat
0011f2c4 T _fstat_r
00100040 T _ftext
0011bb74 T _fwalk
0011bbec T _fwalk_reent
0011f864 W __generic_gxx_active_p
0011f880 W __generic_gxx_getspecific
0011f86c W __generic_gxx_key_create
0011f86c t __generic_gxx_key_create.localalias.2
0011f878 W __generic_gxx_key_delete
0011f8b8 W __generic_gxx_mutex_destroy
0011f894 W __generic_gxx_mutex_init_function
0011f8b4 W __generic_gxx_mutex_lock
0011f8b0 W __generic_gxx_mutex_trylock
0011f8ac W __generic_gxx_mutex_unlock
0011f874 W __generic_gxx_once
0011f898 W __generic_gxx_recursive_mutex_destroy
0011f898 t __generic_gxx_recursive_mutex_destroy.localalias.1
0011f890 W __generic_gxx_recursive_mutex_init_function
0011f890 t __generic_gxx_recursive_mutex_init_function.localalias.0
0011f8a8 W __generic_gxx_recursive_mutex_lock
0011f8a4 W __generic_gxx_recursive_mutex_trylock
0011f8a0 W __generic_gxx_recursive_mutex_unlock
0011f888 W __generic_gxx_setspecific
00112010 t get_current_cpu_num
0011bc6c t __get_current_locale
00116610 T __getreent
001203a4 R _global_impure_ptr
0012c928 D __global_locale
001013e4 T greatest_common_divisor
0012ca94 d heap.5522
0011c518 T __hi0bits
00101568 T hweight8
0011c608 T __i2b
0012c0f0 d impure_data
0012c0e8 D _impure_ptr
0012067c R _init
001206a8 R __init_array_end
00120698 R __init_array_start
001032e4 T initialize_L2C
00116ee4 t __init___malloc_lock_object
0011b2d0 t __init___sfp_lock
0011b2dc t __init___sinit_lock
001032a0 t init_ttb_1
0010349c T invalidate_and_flush
00103048 T _isatty
0011f304 T _isatty_r
         w _ITM_deregisterTMCloneTable
         w _ITM_registerTMCloneTable
00124000 d __JCR_END__
00124000 d __JCR_LIST__
         w _Jv_RegisterClasses
00002c02 a L1_DEVICE_010_00
00000c0a a L1_NORMAL_000_10
00000c0e a L1_NORMAL_000_11
00001c0e a L1_NORMAL_001_11
00005c06 a L1_NORMAL_101_01
00005c0e a L1_NORMAL_101_11
00006c0a a L1_NORMAL_110_10
00006c0e a L1_NORMAL_110_11
00007c06 a L1_NORMAL_111_01
00007c0a a L1_NORMAL_111_10
00017c0e a L1_NORMAL_111_11
00128000 d L1_TTB
fffef000 a L2CC_PL310
0011fa18 T __libc_init_array
0011c570 T __lo0bits
0011bd80 T localeconv
0011bd54 T __localeconv_l
0011bd5c T _localeconv_r
0011bd20 T __locale_ctype_ptr
0011bd18 T __locale_ctype_ptr_l
0011bcf4 T __locale_mb_cur_max
001013bc T log_base_2
0010320c t Loop1
00103248 t Loop2
0010324c t Loop3
00103080 T _lseek
0011f33c T _lseek_r
0011c8d8 T __lshift
00100224 T main
00116620 T malloc
0012c518 D __malloc_av_
0012cac4 B __malloc_current_mallinfo
00116ecc T __malloc_lock
0012caf4 b __malloc_lock_object
0012caec B __malloc_max_sbrked_mem
0012caf0 B __malloc_max_total_mem
00116650 T _malloc_r
0012c920 D __malloc_sbrk_base
0012cac0 B __malloc_top_pad
0011b2e8 T _malloc_trim_r
0012c924 D __malloc_trim_threshold
00116ed8 T __malloc_unlock
0011bf20 T _mbtowc_r
0011c9c4 T __mcmp
00101144 T mdelay
0011ca24 T __mdiff
0011bfc0 T memchr
0011c060 T memcpy
0011c174 T memmove
00116dbc T memset
00120530 R __mprec_bigtens
0011ce80 T _mprec_log10
00120440 R __mprec_tens
00120508 R __mprec_tinytens
0011c360 T __multadd
0011c628 T __multiply
0011064c t null_printf
0012caa4 b object.7627
00120430 r p05.7236
0012cb00 B _PathLocale
00103318 t poll_invalidate
0011c7dc T __pow5mult
00120698 R __preinit_array_end
00120694 R __preinit_array_start
00116f24 T printf
00116ef0 T _printf_r
0011705c T puts
00116f5c T _puts_r
001198b8 t quorem
0011ce00 T __ratio
001014b8 T rational_best_approximation
001030c0 T _read
00103e98 T read_busy
00103d74 T read_csr_control
00103da0 T read_csr_read_descriptor_buffer_fill_level
00103e34 T read_csr_read_sequence_number
00103e04 T read_csr_response_buffer_fill_level
00103d4c T read_csr_status
00103dd0 T read_csr_write_descriptor_buffer_fill_level
00103e64 T read_csr_write_sequence_number
00103ed4 T read_descriptor_buffer_empty
00103f10 T read_descriptor_buffer_full
001040b4 T read_irq
00103cb8 T read_mm_response
0011f380 T _read_r
00104000 T read_resetting
00103f4c T read_response_buffer_empty
00103f88 T read_response_buffer_full
00103fc4 T read_stopped
00104078 T read_stopped_on_early_termination
0010403c T read_stopped_on_error
0011cfa8 T _realloc_r
0011d540 T _reclaim_reent
         w __register_frame_info
0010014c t register_tm_clones
001041ac T reset_dispatcher
0011c430 T __s2b
001196a8 t __sbprintf
0011edac t __sbprintf
0011f984 T _sbrk
00117074 T _sbrk_r
0011d6e8 T __sclose
0011d660 T __seofread
0011bd34 T setlocale
0011bc8c T _setlocale_r
0011ac68 T __sflush_r
0011b050 T __sfmoreglue
0011b144 T __sfp
0012cafc b __sfp_lock
0011b258 T __sfp_lock_acquire
0011b264 T __sfp_lock_release
0011b6c4 T __sfvwrite_r
00000000 a shift
00000000 a shift
0011b0b0 T __sinit
0012caf8 b __sinit_lock
0011b270 T __sinit_lock_acquire
0011b27c T __sinit_lock_release
00103268 t Skip
0011be38 T __smakebuf_r
00101f9c t spi_engine_compile_message
0010224c T spi_engine_init
00102764 T spi_engine_offload_init
0010287c T spi_engine_offload_transfer
00101aa4 t spi_engine_queue_add_cmd
00101b14 t spi_engine_queue_append_cmd
00101c0c t spi_engine_queue_free
00101b68 t spi_engine_queue_get_cmd
00101a38 t spi_engine_queue_new_cmd
001017ec T spi_engine_read
00102ac0 T spi_engine_remove
00101d7c t spi_engine_set_cs
00101898 T spi_engine_set_speed
0010182c T spi_engine_set_transfer_width
00101cf4 t spi_engine_transfer
00102050 t spi_engine_transfer_message
001017ac T spi_engine_write
00102484 T spi_engine_write_and_read
00101e6c t spi_engine_write_cmd
00101c90 t spi_engine_write_cmd_reg
0011fe1c R spi_eng_platform_ops
00101e18 t spi_gen_sleep_ns
001019a8 t spi_get_sleep_div
00101974 t spi_get_word_lenght
001018f0 t spi_get_words_number
0010100c T spi_init
00101084 T spi_remove
001010b8 T spi_write_and_read
0011da84 T __sprint_r
0011d9dc t __sprint_r.part.0
0011d630 T __sread
0010175c T srt_to_uint32
0011d6bc T __sseek
00100110 T _start
001043d8 T start_descriptors
00104164 T start_dispatcher
0011af68 t std.isra.0
00104390 T stop_descriptors
0010411c T stop_dispatcher
0011d708 T strcmp
001170c0 T strlen
0010170c T str_to_int32
00117440 T strtol
00117408 T strtol_l
0011719c t _strtol_l.isra.0
001173b8 T _strtol_r
001176f8 T strtoul
001176c0 T strtoul_l
00117494 t _strtoul_l.isra.0
00117670 T _strtoul_r
0011f4ec T __swbuf
0011f3c4 T __swbuf_r
0011bda4 T __swhatbuf_r
0011d668 T __swrite
00119774 T __swsetup_r
00124008 d _sync_id
0012caa0 D __TMC_END__
00101100 T udelay
00116448 T __udivmoddi4
001161fc T __udivsi3
001161fc t .udivsi3_skip_div0_test
0011cbbc T __ulp
0011ed84 T vfiprintf
0011daa0 T _vfiprintf_r
0011f90c t __vfp_init
00119680 T vfprintf
00117750 T _vfprintf_r
0011f594 T wcrtomb
0011f50c T _wcrtomb_r
0011ee78 T _wctomb_r
001030ec T _write
00103b70 T write_extended_descriptor
0011eeec T _write_r
00103ad0 T write_standard_descriptor
00120568 r zeroes.8401
001203bc r zeroes.8422
