00100ddc T ad469x_adv_seq_osr
001014ac t ad469x_adv_seq_osr_get_util_data
001011e4 T ad469x_adv_sequence_set_num_slots
0010126c T ad469x_adv_sequence_set_slot
00124008 d ad469x_chip_info_tbl
00121b24 R ad469x_device_resol
00101420 T ad469x_enter_conversion_mode
00101454 T ad469x_exit_conversion_mode
001018fc T ad469x_init
001016b0 T ad469x_read_data
00101c34 T ad469x_remove
00100ea0 t ad469x_seq_osr_clear
00101534 T ad469x_seq_read_data
001013c8 T ad469x_sequence_disable_temp
00101370 T ad469x_sequence_enable_temp
00100fcc T ad469x_set_channel_sequence
00100d90 T ad469x_set_reg_access_mode
00100c58 T ad469x_spi_read_mask
00100958 T ad469x_spi_reg_read
00100ae8 T ad469x_spi_reg_write
00100cd0 T ad469x_spi_write_mask
00100f48 T ad469x_std_seq_osr
00101300 T ad469x_std_sequence_ch
001180d8 T __aeabi_idiv
00118318 W __aeabi_idiv0
001182f8 T __aeabi_idivmod
00118318 W __aeabi_ldiv0
00117ecc T __aeabi_uidiv
001180b8 T __aeabi_uidivmod
0011831c T __aeabi_uldivmod
00112278 T align_malloc
00111878 T alt_acp_id_map_dynamic_read_options_set
00111550 T alt_acp_id_map_dynamic_read_set
001118cc T alt_acp_id_map_dynamic_write_options_set
001116e4 T alt_acp_id_map_dynamic_write_set
00111178 T alt_acp_id_map_fixed_read_set
00111364 T alt_acp_id_map_fixed_write_set
00111920 T alt_acp_id_map_read_options_get
00111c80 T alt_acp_id_map_write_options_get
00110ef0 T alt_addr_space_remap
00116480 T alt_ARM_wdog_gpt_mode_set
001164dc T alt_ARM_wdog_wdog_mode_set
001130dc T alt_cache_l1_branch_disable
00113090 T alt_cache_l1_branch_enable
00113128 T alt_cache_l1_branch_invalidate
0011315c T alt_cache_l1_branch_is_enabled
00112b58 T alt_cache_l1_data_clean
00112bec T alt_cache_l1_data_clean_all
00112ae8 t alt_cache_l1_data_clean_helper
00112868 T alt_cache_l1_data_disable
0011280c T alt_cache_l1_data_enable
0011297c T alt_cache_l1_data_invalidate
001129f0 T alt_cache_l1_data_invalidate_all
0011290c t alt_cache_l1_data_invalidate_helper
001128c4 T alt_cache_l1_data_is_enabled
00112d74 T alt_cache_l1_data_purge
00112e08 T alt_cache_l1_data_purge_all
00112d04 t alt_cache_l1_data_purge_helper
001126c4 T alt_cache_l1_disable_all
00112698 T alt_cache_l1_enable_all
00112748 T alt_cache_l1_instruction_disable
001126ec T alt_cache_l1_instruction_enable
001127dc T alt_cache_l1_instruction_invalidate
00112794 T alt_cache_l1_instruction_is_enabled
00112ffc T alt_cache_l1_parity_disable
00112f20 T alt_cache_l1_parity_enable
00113048 T alt_cache_l1_parity_is_enabled
001131f0 T alt_cache_l1_prefetch_disable
001131a4 T alt_cache_l1_prefetch_enable
0011323c T alt_cache_l1_prefetch_is_enabled
001138a0 T alt_cache_l2_clean
00113918 T alt_cache_l2_clean_all
001137cc t alt_cache_l2_clean_helper
00113504 T alt_cache_l2_disable
00113d18 T alt_cache_l2_ecc_start
001134c4 T alt_cache_l2_enable
00113284 T alt_cache_l2_init
00113bc8 T alt_cache_l2_int_disable
00113b6c T alt_cache_l2_int_enable
00113c4c T alt_cache_l2_int_raw_status_get
00113c70 T alt_cache_l2_int_status_clear
00113c28 T alt_cache_l2_int_status_get
001136d0 T alt_cache_l2_invalidate
00113748 T alt_cache_l2_invalidate_all
00113600 t alt_cache_l2_invalidate_helper
0011353c T alt_cache_l2_is_enabled
00113444 T alt_cache_l2_parity_disable
001133e0 T alt_cache_l2_parity_enable
0011347c T alt_cache_l2_parity_is_enabled
00113360 T alt_cache_l2_prefetch_disable
00113328 T alt_cache_l2_prefetch_enable
00113398 T alt_cache_l2_prefetch_is_enabled
00113a70 T alt_cache_l2_purge
00113ae8 T alt_cache_l2_purge_all
0011399c t alt_cache_l2_purge_helper
00113584 T alt_cache_l2_sync
0011330c T alt_cache_l2_uninit
0012c0e0 d alt_cache_l2_waymask
0011243c T alt_cache_system_clean
0011236c T alt_cache_system_disable
00112344 T alt_cache_system_enable
00112394 T alt_cache_system_invalidate
001124d0 T alt_cache_system_purge
00110220 T alt_clk_clkmgr_reinit
001104c4 T alt_clk_clkmgr_uninit
001070fc T alt_clk_clock_disable
00107578 T alt_clk_clock_enable
0010ad04 T alt_clk_divider_get
0010b964 T alt_clk_divider_set
00108df0 T alt_clk_ext_clk_freq_get
00108c18 T alt_clk_ext_clk_freq_set
0010db30 T alt_clk_freq_get
0010f734 T alt_clk_group_cfg_raw_get
0010fac8 T alt_clk_group_cfg_raw_set
0010f670 T alt_clk_irq_disable
0010f6d4 T alt_clk_irq_enable
00107a34 T alt_clk_is_enabled
001066e0 T alt_clk_is_in_safe_mode
001064fc T alt_clk_lock_status_clear
0010655c T alt_clk_lock_status_get
0010b8bc t alt_clkmgr_is_val_modulo_n
001062d8 t alt_clk_mgr_wait
001067a8 T alt_clk_pll_bypass_disable
00106b64 T alt_clk_pll_bypass_enable
00108ea8 T alt_clk_pll_cfg_get
001093bc T alt_clk_pll_cfg_set
0010fea0 T alt_clk_pll_cntr_maxfreq_recalc
00106460 t alt_clk_pllcounter_write
0010ab5c T alt_clk_pll_guard_band_get
0010ac00 T alt_clk_pll_guard_band_set
00106ec4 T alt_clk_pll_is_bypassed
00106584 T alt_clk_pll_is_locked
0010639c t alt_clk_pll_lock_wait
00106fe0 T alt_clk_pll_source_get
00106320 T alt_clk_plls_settle_wait
00109918 T alt_clk_pll_vco_cfg_get
0010a1f0 T alt_clk_pll_vco_cfg_set
00109a68 t alt_clk_pll_vco_chg_methods_get
0010a5f8 T alt_clk_pll_vco_freq_get
0010664c T alt_clk_safe_mode_clear
00107fa4 T alt_clk_source_get
0010872c T alt_clk_source_set
0010b400 t alt_clk_within_freq_limits
0012c000 d alt_ext_clk_paramblok
00110c78 T alt_globaltmr_autoinc_get
00110c9c T alt_globaltmr_autoinc_mode_start
00110cd4 T alt_globaltmr_autoinc_mode_stop
00110be8 T alt_globaltmr_autoinc_set
001109a4 T alt_globaltmr_comp_get
00110a14 T alt_globaltmr_comp_get64
00110aac T alt_globaltmr_comp_mode_start
00110ae4 T alt_globaltmr_comp_mode_stop
00110854 T alt_globaltmr_comp_set
001108f8 T alt_globaltmr_comp_set64
00110830 T alt_globaltmr_counter_get_hi32
0011080c T alt_globaltmr_counter_get_low32
00110658 T alt_globaltmr_get
0011073c T alt_globaltmr_get64
0011059c T alt_globaltmr_init
00110e30 T alt_globaltmr_int_clear_pending
00110d60 T alt_globaltmr_int_disable
00110d98 T alt_globaltmr_int_enable
00110e94 T alt_globaltmr_int_if_pending_clear
00110df8 T alt_globaltmr_int_is_enabled
00110e5c T alt_globaltmr_int_is_pending
00110d0c T alt_globaltmr_is_autoinc_mode
00110b1c T alt_globaltmr_is_comp_mode
001104ec T alt_globaltmr_is_running
00110d44 T alt_globaltmr_maxcounter_get
00110b54 T alt_globaltmr_prescaler_get
00110b80 T alt_globaltmr_prescaler_set
00110a78 T alt_globaltmr_remain_get
00110614 T alt_globaltmr_start
001105d0 T alt_globaltmr_stop
00110524 T alt_globaltmr_uninit
001140a4 T alt_gpt_all_tmr_init
00114010 T alt_gpt_all_tmr_uninit
001146b0 T alt_gpt_counter_get
00114570 T alt_gpt_counter_set
00114d10 T alt_gpt_cpu_gblt_delay_ns
00114a18 T alt_gpt_curtime_get
001147b0 t alt_gpt_curtime_get_kernl
00114a80 T alt_gpt_curtime_microsecs_get
00114a4c T alt_gpt_curtime_millisecs_get
00114ab8 T alt_gpt_curtime_nanosecs_get
00114af0 T alt_gpt_delay_ns
00115290 T alt_gpt_freq_get
00115c18 T alt_gpt_int_clear_pending
00115874 T alt_gpt_int_disable
001159a8 T alt_gpt_int_enable
00115e80 T alt_gpt_int_if_pending_clear
00115ae0 T alt_gpt_int_is_enabled
00115d28 T alt_gpt_int_is_pending
00115080 T alt_gpt_maxcounter_get
0011580c T alt_gpt_maxtime_get
00115660 t alt_gpt_maxtime_get_kernl
00115840 T alt_gpt_maxtime_millisecs_get
00116218 T alt_gpt_mode_get
0011603c T alt_gpt_mode_set
00115208 T alt_gpt_prescaler_get
00115124 T alt_gpt_prescaler_set
00114f80 T alt_gpt_reset_value_get
001155c0 T alt_gpt_time_get
00115414 t alt_gpt_time_get_kernl
00115628 T alt_gpt_time_microsecs_get
001155f4 T alt_gpt_time_millisecs_get
00114370 T alt_gpt_tmr_is_running
001144e4 T alt_gpt_tmr_reset
00114224 T alt_gpt_tmr_start
001140d8 T alt_gpt_tmr_stop
00113cbc W alt_int_dist_pending_clear
00111058 T alt_l2_addr_filter_cfg_get
001110e8 T alt_l2_addr_filter_cfg_set
00111018 T alt_mpu_addr_space_remap_0_to_sdram
0012c040 d alt_pll_clk_paramblok
0012c0a0 d alt_pll_cntr_maxfreq
0010614c T alt_reset_cold_reset
00106118 T alt_reset_event_clear
001060f4 T alt_reset_event_get
00106178 T alt_reset_warm_reset
00117dc4 T alt_wdog_compcode_get
00117340 T alt_wdog_core_prescaler_get
001172b4 T alt_wdog_core_prescaler_set
00116bc0 T alt_wdog_counter_get_current
00116c64 T alt_wdog_counter_get_curtime_millisecs
00116e00 T alt_wdog_counter_get_init
00117110 T alt_wdog_counter_get_inittime_millisecs
00116f74 T alt_wdog_counter_get_inittime_nanosecs
0011736c T alt_wdog_counter_get_max
00117554 T alt_wdog_counter_get_max_millisecs
001173ec T alt_wdog_counter_get_max_nanosecs
00116a34 T alt_wdog_counter_set
00116430 T alt_wdog_init
00117968 T alt_wdog_int_clear
001176c4 T alt_wdog_int_disable
0011773c T alt_wdog_int_enable
00117a08 T alt_wdog_int_if_pending_clear
00117894 T alt_wdog_int_is_enabled
001177b4 T alt_wdog_int_is_pending
0011694c T alt_wdog_reset
00117cc8 T alt_wdog_response_mode_get
00117b14 T alt_wdog_response_mode_set
00116780 T alt_wdog_start
001165d4 T alt_wdog_stop
00116878 T alt_wdog_tmr_is_enabled
00116510 T alt_wdog_uninit
00117e48 T alt_wdog_ver_get
001163e8 t alt_wdog_wait
0011ee28 T __any_on
0011de74 T __ascii_mbtowc
00120dc4 T __ascii_wctomb
0012cabc B __auto_semihosting
00103c4c T axi_adc_delay_calibrate
00103b54 T axi_adc_delay_set
001044f0 T axi_adc_get_calib_bias
0010438c T axi_adc_get_calib_phase
001041bc T axi_adc_get_calib_phase_scale
0010441c T axi_adc_get_calib_scale
00103a60 T axi_adc_get_sampling_freq
00103b14 T axi_adc_idelay_set
00104648 T axi_adc_init
001038e8 T axi_adc_pn_mon
001037d8 T axi_adc_read
001047f8 T axi_adc_remove
00104464 T axi_adc_set_calib_bias
00104344 T axi_adc_set_calib_phase
00104024 T axi_adc_set_calib_phase_scale
001043d4 T axi_adc_set_calib_scale
00103858 T axi_adc_set_pnsel
00104550 T axi_adc_update_active_channels
00103818 T axi_adc_write
00104ae0 T axi_dmac_init
00104820 T axi_dmac_read
00104be4 T axi_dmac_remove
001048a0 T axi_dmac_transfer
00104860 T axi_dmac_write
00104c20 T axi_io_read
00104c64 T axi_io_write
00104b74 T axi_wait
0011eb24 T __b2d
0011e1bc T _Balloc
0011e244 T _Bfree
00122370 r blanks.8400
001221c4 r blanks.8421
00100694 T cache_configuration
0010067c T cache_fun
00118470 T calloc
00118490 T _calloc_r
0011cf98 T _cleanup
0011f414 T cleanup_glue
0011ce5c T _cleanup_r
00105dc4 T clear_irq
00104ca8 T _close
00120e30 T _close_r
0012caa0 b completed.7622
00105634 T construct_extended_mm_to_mm_descriptor
001056ec T construct_extended_mm_to_mm_descriptor_64
001054c4 T construct_extended_mm_to_st_descriptor
0010557c T construct_extended_mm_to_st_descriptor_64
00105354 T construct_extended_st_to_mm_descriptor
0010540c T construct_extended_st_to_mm_descriptor_64
001052f0 T construct_standard_mm_to_mm_descriptor
0010528c T construct_standard_mm_to_st_descriptor
00105228 T construct_standard_st_to_mm_descriptor
0011edbc T __copybits
00116378 T cpu_wdog_in_gpt_mode
001163b0 t cpu_wdog_in_wdt_mode
         w __cs3_argc
         w __cs3_argv
01100040 A __cs3_heap_end
0012ca98 D __cs3_heap_limit
0012cb08 B __cs3_heap_start
00100040 T __cs3_interrupt_vector
00100040 T __cs3_interrupt_vector_arm
001216c0 T __cs3_isr_dabort
001216c8 T __cs3_isr_fiq
001216b0 T __cs3_isr_interrupt
001216c4 T __cs3_isr_irq
001216bc T __cs3_isr_pabort
001216b0 W __cs3_isr_reserved
001216b8 T __cs3_isr_swi
001216b4 T __cs3_isr_undef
0012157c T __cs3_premain
fffe0000 ? __cs3_region_end_boot_rom
00000000 ? __cs3_region_end_oc_ram
01100040 T __cs3_region_end_ram
fffd0000 A __cs3_region_init_boot_rom
ffff0000 A __cs3_region_init_oc_ram
00100040 A __cs3_region_init_ram
00000000 A __cs3_region_init_size_boot_rom
00000000 A __cs3_region_init_size_oc_ram
0002ca60 A __cs3_region_init_size_ram
00000002 A __cs3_region_num
001224dc R __cs3_regions
00122504 R __cs3_regions_end
00010000 A __cs3_region_size_boot_rom
00010000 A __cs3_region_size_oc_ram
01000000 A __cs3_region_size_ram
fffd0000 ? __cs3_region_start_boot_rom
ffff0000 ? __cs3_region_start_oc_ram
00100040 T __cs3_region_start_ram
00000000 A __cs3_region_zero_size_boot_rom
00000000 A __cs3_region_zero_size_oc_ram
00000068 A __cs3_region_zero_size_ram
00100080 T __cs3_reset
00100080 T __cs3_reset_cycloneV_dk_ram
01100040 A __cs3_stack
         U __cs3_start_asm
00100084 T __cs3_start_c
00112570 t cssidr_decode_helper
00122390 R _ctype_
0011ebfc T __d2b
         w __deregister_frame_info
0010011c t deregister_tm_clones
0010601c T disable_global_interrupt_mask
00105f8c T disable_stop_on_early_termination
00105efc T disable_stop_on_error
001022bc T div64_u64_rem
001180d8 T __divsi3
001180e0 t .divsi3_skip_div0_test
0010235c T div_u64
00102308 T div_u64_rem
00102258 T do_div
00100184 t __do_global_dtors_aux
001224d8 r __do_global_dtors_aux_fini_array_entry
00124004 D __dso_handle
0011b990 T _dtoa_r
0012caa0 D _edata
00121750 r __EH_FRAME_BEGIN__
00104e68 T enable_all_caches
00105060 T enable_branch_prediction
0010501c T enable_caches
001050a4 T enable_early_BRESP
00105118 T enable_exclusive_caching
00105fd4 T enable_global_interrupt_mask
00105040 T enable_L1_D
001050f8 T enable_L1_D_side_prefetch
00105050 T enable_L1_I
00105070 T enable_L2
00105108 T enable_L2_prefetch_hint
0010515c T enable_L2_speculative_linefill
00104e88 T enable_MMU
00105148 T enable_SCU
00105f44 T enable_stop_on_early_termination
00105eb4 T enable_stop_on_error
00105080 T enable_store_buffer_device_limitation
001050c8 T enable_write_full_line_zeros
0012cb08 B _end
0012cb08 B __end
0012cb04 B errno
001216cc T __errno
00122508 R _etext
         w exit
00120fc4 T fclose
00120e68 T _fclose_r
0011ce24 T fflush
0011cd90 T _fflush_r
0010200c T field_get
00101fd0 T field_prep
00101ef8 T find_closest
00101e18 T find_first_set_bit
00101e84 T find_last_set_bit
001224c0 R _fini
001224dc R __fini_array_end
001224d8 R __fini_array_start
00104f48 t Finished
00112158 T fpga_dma_config_transfer
00112128 T fpga_dma_init
00112058 T fpga_dma_read_bit
00111fe0 T fpga_dma_read_reg
00112218 T fpga_dma_start_transfer
00112248 T fpga_dma_transfer_done
00112094 T fpga_dma_write_bit
00112018 T fpga_dma_write_reg
0011cee8 t __fp_lock
0011d188 T __fp_lock_all
0011cf1c t __fp_unlock
0011d1ac T __fp_unlock_all
00121188 T fputwc
00120fdc T __fputwc
001210e0 T _fputwc_r
001001c8 t frame_dummy
001224bc r __frame_dummy_init_array_entry
00121750 r __FRAME_END__
00118548 T free
0011d2e4 T _free_r
00104ce0 T _fstat
001211c4 T _fstat_r
00100040 T _ftext
00121c74 r __func__.6474
0011da74 T _fwalk
0011daec T _fwalk_reent
00121524 W __generic_gxx_active_p
00121540 W __generic_gxx_getspecific
0012152c W __generic_gxx_key_create
0012152c t __generic_gxx_key_create.localalias.2
00121538 W __generic_gxx_key_delete
00121578 W __generic_gxx_mutex_destroy
00121554 W __generic_gxx_mutex_init_function
00121574 W __generic_gxx_mutex_lock
00121570 W __generic_gxx_mutex_trylock
0012156c W __generic_gxx_mutex_unlock
00121534 W __generic_gxx_once
00121558 W __generic_gxx_recursive_mutex_destroy
00121558 t __generic_gxx_recursive_mutex_destroy.localalias.1
00121550 W __generic_gxx_recursive_mutex_init_function
00121550 t __generic_gxx_recursive_mutex_init_function.localalias.0
00121568 W __generic_gxx_recursive_mutex_lock
00121564 W __generic_gxx_recursive_mutex_trylock
00121560 W __generic_gxx_recursive_mutex_unlock
00121548 W __generic_gxx_setspecific
00113ce4 t get_current_cpu_num
0011db6c t __get_current_locale
00118520 T __getreent
001221bc R _global_impure_ptr
0012c928 D __global_locale
00102070 T greatest_common_divisor
0012ca94 d heap.5522
0011e418 T __hi0bits
001021f4 T hweight8
0011e508 T __i2b
0012c0f0 d impure_data
0012c0e8 D _impure_ptr
00122494 R _init
001224c0 R __init_array_end
001224b0 R __init_array_start
00104fb8 T initialize_L2C
00118df4 t __init___malloc_lock_object
0011d1d0 t __init___sfp_lock
0011d1dc t __init___sinit_lock
00104f74 t init_ttb_1
00105170 T invalidate_and_flush
00104d1c T _isatty
00121204 T _isatty_r
         w _ITM_deregisterTMCloneTable
         w _ITM_registerTMCloneTable
00124000 d __JCR_END__
00124000 d __JCR_LIST__
         w _Jv_RegisterClasses
00002c02 a L1_DEVICE_010_00
00000c0a a L1_NORMAL_000_10
00000c0e a L1_NORMAL_000_11
00001c0e a L1_NORMAL_001_11
00005c06 a L1_NORMAL_101_01
00005c0e a L1_NORMAL_101_11
00006c0a a L1_NORMAL_110_10
00006c0e a L1_NORMAL_110_11
00007c06 a L1_NORMAL_111_01
00007c0a a L1_NORMAL_111_10
00017c0e a L1_NORMAL_111_11
00128000 d L1_TTB
fffef000 a L2CC_PL310
001216d8 T __libc_init_array
0011e470 T __lo0bits
0011dc80 T localeconv
0011dc54 T __localeconv_l
0011dc5c T _localeconv_r
0011dc20 T __locale_ctype_ptr
0011dc18 T __locale_ctype_ptr_l
0011dbf4 T __locale_mb_cur_max
00102048 T log_base_2
00104ee0 t Loop1
00104f1c t Loop2
00104f20 t Loop3
00104d54 T _lseek
0012123c T _lseek_r
0011e7d8 T __lshift
00100224 T main
00118530 T malloc
0012c518 D __malloc_av_
0012cac4 B __malloc_current_mallinfo
00118ddc T __malloc_lock
0012caf4 b __malloc_lock_object
0012caec B __malloc_max_sbrked_mem
0012caf0 B __malloc_max_total_mem
00118560 T _malloc_r
0012c920 D __malloc_sbrk_base
0012cac0 B __malloc_top_pad
0011d1e8 T _malloc_trim_r
0012c924 D __malloc_trim_threshold
00118de8 T __malloc_unlock
0011de20 T _mbtowc_r
0011e8c4 T __mcmp
00101dd0 T mdelay
0011e924 T __mdiff
0011dec0 T memchr
0011df60 T memcpy
0011e074 T memmove
00118ccc T memset
00122348 R __mprec_bigtens
0011ed80 T _mprec_log10
00122258 R __mprec_tens
00122320 R __mprec_tinytens
0011e260 T __multadd
0011e528 T __multiply
0010162c T no_of_ones
00112320 t null_printf
0012caa4 b object.7627
00122248 r p05.7236
0012cb00 B _PathLocale
00104fec t poll_invalidate
0011e6dc T __pow5mult
001224b0 R __preinit_array_end
001224ac R __preinit_array_start
00118e34 T printf
00118e00 T _printf_r
00118f6c T puts
00118e6c T _puts_r
0011b7b8 t quorem
0011ed00 T __ratio
00102144 T rational_best_approximation
00104d94 T _read
00105b6c T read_busy
00105a48 T read_csr_control
00105a74 T read_csr_read_descriptor_buffer_fill_level
00105b08 T read_csr_read_sequence_number
00105ad8 T read_csr_response_buffer_fill_level
00105a20 T read_csr_status
00105aa4 T read_csr_write_descriptor_buffer_fill_level
00105b38 T read_csr_write_sequence_number
00105ba8 T read_descriptor_buffer_empty
00105be4 T read_descriptor_buffer_full
00105d88 T read_irq
0010598c T read_mm_response
00121280 T _read_r
00105cd4 T read_resetting
00105c20 T read_response_buffer_empty
00105c5c T read_response_buffer_full
00105c98 T read_stopped
00105d4c T read_stopped_on_early_termination
00105d10 T read_stopped_on_error
0011eea8 T _realloc_r
0011f440 T _reclaim_reent
         w __register_frame_info
0010014c t register_tm_clones
00105e80 T reset_dispatcher
0011e330 T __s2b
0011b5a8 t __sbprintf
00120cac t __sbprintf
00121644 T _sbrk
00118f84 T _sbrk_r
0011f5e8 T __sclose
0011f560 T __seofread
0011dc34 T setlocale
0011db8c T _setlocale_r
0011cb68 T __sflush_r
0011cf50 T __sfmoreglue
0011d044 T __sfp
0012cafc b __sfp_lock
0011d158 T __sfp_lock_acquire
0011d164 T __sfp_lock_release
0011d5c4 T __sfvwrite_r
00000000 a shift
00000000 a shift
0011cfb0 T __sinit
0012caf8 b __sinit_lock
0011d170 T __sinit_lock_acquire
0011d17c T __sinit_lock_release
00104f3c t Skip
0011dd38 T __smakebuf_r
00102c28 t spi_engine_compile_message
00102ed8 T spi_engine_init
001033f0 T spi_engine_offload_init
00103508 T spi_engine_offload_transfer
00102730 t spi_engine_queue_add_cmd
001027a0 t spi_engine_queue_append_cmd
00102898 t spi_engine_queue_free
001027f4 t spi_engine_queue_get_cmd
001026c4 t spi_engine_queue_new_cmd
00102478 T spi_engine_read
0010374c T spi_engine_remove
00102a08 t spi_engine_set_cs
00102524 T spi_engine_set_speed
001024b8 T spi_engine_set_transfer_width
00102980 t spi_engine_transfer
00102cdc t spi_engine_transfer_message
00102438 T spi_engine_write
00103110 T spi_engine_write_and_read
00102af8 t spi_engine_write_cmd
0010291c t spi_engine_write_cmd_reg
00121b34 R spi_eng_platform_ops
00102aa4 t spi_gen_sleep_ns
00102634 t spi_get_sleep_div
00102600 t spi_get_word_lenght
0010257c t spi_get_words_number
00101c98 T spi_init
00101d10 T spi_remove
00101d44 T spi_write_and_read
0011f984 T __sprint_r
0011f8dc t __sprint_r.part.0
0011f530 T __sread
001023e8 T srt_to_uint32
0011f5bc T __sseek
00100110 T _start
001060ac T start_descriptors
00105e38 T start_dispatcher
0011ce68 t std.isra.0
00106064 T stop_descriptors
00105df0 T stop_dispatcher
0011f608 T strcmp
00118fc0 T strlen
00102398 T str_to_int32
00119340 T strtol
00119308 T strtol_l
0011909c t _strtol_l.isra.0
001192b8 T _strtol_r
001195f8 T strtoul
001195c0 T strtoul_l
00119394 t _strtoul_l.isra.0
00119570 T _strtoul_r
001213ec T __swbuf
001212c4 T __swbuf_r
0011dca4 T __swhatbuf_r
0011f568 T __swrite
0011b674 T __swsetup_r
00124020 d _sync_id
0012caa0 D __TMC_END__
00101d8c T udelay
00118358 T __udivmoddi4
00117ecc T __udivsi3
00117ecc t .udivsi3_skip_div0_test
0011eabc T __ulp
00120c84 T vfiprintf
0011f9a0 T _vfiprintf_r
001215cc t __vfp_init
0011b580 T vfprintf
00119650 T _vfprintf_r
00121494 T wcrtomb
0012140c T _wcrtomb_r
00120d78 T _wctomb_r
00104dc0 T _write
00105844 T write_extended_descriptor
00120dec T _write_r
001057a4 T write_standard_descriptor
00122380 r zeroes.8401
001221d4 r zeroes.8422
